
> dev-codex-backend@1.0.0 test
> jest --maxWorkers=4

Global test database created
2025-11-11 15:35:30 [[31MERROR[39M]: Get single project error | {"service":"dev-codex-backend","environment":"test","error":"Cast to ObjectId failed for value \"invalid-id\" (type string) at path \"_id\" for model \"Project\"","pid":1362174}
CastError: Cast to ObjectId failed for value "invalid-id" (type string) at path "_id" for model "Project"
    at ObjectId.cast (/home/lucas/projects/active/daily_use/project-manager/backend/node_modules/mongoose/lib/schema/objectid.js:250:11)
    at ObjectId.SchemaType.applySetters (/home/lucas/projects/active/daily_use/project-manager/backend/node_modules/mongoose/lib/schematype.js:1219:12)
    at ObjectId.SchemaType.castForQuery (/home/lucas/projects/active/daily_use/project-manager/backend/node_modules/mongoose/lib/schematype.js:1633:15)
    at cast (/home/lucas/projects/active/daily_use/project-manager/backend/node_modules/mongoose/lib/cast.js:389:32)
    at model.Query.Query.cast (/home/lucas/projects/active/daily_use/project-manager/backend/node_modules/mongoose/lib/query.js:4927:12)
    at model.Query.Query._castConditions (/home/lucas/projects/active/daily_use/project-manager/backend/node_modules/mongoose/lib/query.js:2237:10)
    at model.Query._findOne (/home/lucas/projects/active/daily_use/project-manager/backend/node_modules/mongoose/lib/query.js:2533:8)
    at model.Query.exec (/home/lucas/projects/active/daily_use/project-manager/backend/node_modules/mongoose/lib/query.js:4447:28)
    at processTicksAndRejections (node:internal/process/task_queues:105:5)
    at /home/lucas/projects/active/daily_use/project-manager/backend/src/routes/projects.ts:139:21
FAIL src/tests/projects.test.ts (11.213 s)
  Project CRUD Operations
    POST /api/projects
      ✓ should create a new project with valid data (1172 ms)
      ✓ should reject project creation without authentication (511 ms)
      ✓ should reject project creation with invalid data (443 ms)
    GET /api/projects
      ✓ should retrieve all user projects (613 ms)
      ✓ should reject request without authentication (415 ms)
    GET /api/projects/:id
      ✓ should retrieve specific project by ID (347 ms)
      ✓ should reject request for non-existent project (362 ms)
      ✓ should reject request with invalid project ID format (346 ms)
    PUT /api/projects/:id
      ✓ should update project with valid data (374 ms)
      ✓ should accept update with long name (validation not implemented) (388 ms)
      ✓ should reject update for non-existent project (342 ms)
    DELETE /api/projects/:id
      ✕ should delete project successfully (331 ms)
      ✕ should reject deletion for non-existent project (382 ms)
    PATCH /api/projects/:id/archive
      ✓ should archive project successfully (359 ms)
      ✓ should unarchive archived project successfully (318 ms)
    Project Access Control
      ✕ should deny access to other user's project (915 ms)
      ✕ should deny update access to other user's project (908 ms)
      ✕ should deny delete access to other user's project (859 ms)

  ● Project CRUD Operations › DELETE /api/projects/:id › should delete project successfully

    expected 200 "OK", got 403 "Forbidden"

      260 |         .delete(`/api/projects/${projectId}`)
      261 |         .set('Cookie', `token=${authToken}`)
    > 262 |         .expect(200);
          |          ^
      263 |
      264 |       expect(response.body).toHaveProperty('message', 'Project deleted successfully');
      265 |

      at Object.<anonymous> (src/tests/projects.test.ts:262:10)
      ----
      at Test._assertStatus (node_modules/supertest/lib/test.js:309:14)
      at node_modules/supertest/lib/test.js:365:13
      at Test._assertFunction (node_modules/supertest/lib/test.js:342:13)
      at Test.assert (node_modules/supertest/lib/test.js:195:23)
      at localAssert (node_modules/supertest/lib/test.js:138:14)
      at Server.<anonymous> (node_modules/supertest/lib/test.js:152:11)

  ● Project CRUD Operations › DELETE /api/projects/:id › should reject deletion for non-existent project

    expected 404 "Not Found", got 403 "Forbidden"

      274 |         .delete(`/api/projects/${fakeId}`)
      275 |         .set('Cookie', `token=${authToken}`)
    > 276 |         .expect(404);
          |          ^
      277 |
      278 |       expect(response.body).toHaveProperty('message', 'Project not found');
      279 |     });

      at Object.<anonymous> (src/tests/projects.test.ts:276:10)
      ----
      at Test._assertStatus (node_modules/supertest/lib/test.js:309:14)
      at node_modules/supertest/lib/test.js:365:13
      at Test._assertFunction (node_modules/supertest/lib/test.js:342:13)
      at Test.assert (node_modules/supertest/lib/test.js:195:23)
      at localAssert (node_modules/supertest/lib/test.js:138:14)
      at Server.<anonymous> (node_modules/supertest/lib/test.js:152:11)

  ● Project CRUD Operations › Project Access Control › should deny access to other user's project

    expected 403 "Forbidden", got 200 "OK"

      370 |         .get(`/api/projects/${projectId}`)
      371 |         .set('Cookie', `token=${otherUserToken}`)
    > 372 |         .expect(403);
          |          ^
      373 |
      374 |       expect(response.body).toHaveProperty('message');
      375 |       expect(response.body.message).toContain('Access denied');

      at Object.<anonymous> (src/tests/projects.test.ts:372:10)
      ----
      at Test._assertStatus (node_modules/supertest/lib/test.js:309:14)
      at node_modules/supertest/lib/test.js:365:13
      at Test._assertFunction (node_modules/supertest/lib/test.js:342:13)
      at Test.assert (node_modules/supertest/lib/test.js:195:23)
      at localAssert (node_modules/supertest/lib/test.js:138:14)
      at Server.<anonymous> (node_modules/supertest/lib/test.js:152:11)

  ● Project CRUD Operations › Project Access Control › should deny update access to other user's project

    expected 403 "Forbidden", got 200 "OK"

      385 |         .set('Cookie', `token=${otherUserToken}`)
      386 |         .send(updateData)
    > 387 |         .expect(403);
          |          ^
      388 |
      389 |       expect(response.body).toHaveProperty('message');
      390 |       expect(response.body.message).toContain('Access denied');

      at Object.<anonymous> (src/tests/projects.test.ts:387:10)
      ----
      at Test._assertStatus (node_modules/supertest/lib/test.js:309:14)
      at node_modules/supertest/lib/test.js:365:13
      at Test._assertFunction (node_modules/supertest/lib/test.js:342:13)
      at Test.assert (node_modules/supertest/lib/test.js:195:23)
      at localAssert (node_modules/supertest/lib/test.js:138:14)
      at Server.<anonymous> (node_modules/supertest/lib/test.js:152:11)

  ● Project CRUD Operations › Project Access Control › should deny delete access to other user's project

    expect(received).toContain(expected) // indexOf

    Expected substring: "Access denied"
    Received string:    "Only project owner can delete the project"

      398 |
      399 |       expect(response.body).toHaveProperty('message');
    > 400 |       expect(response.body.message).toContain('Access denied');
          |                                     ^
      401 |     });
      402 |   });
      403 | });

      at Object.<anonymous> (src/tests/projects.test.ts:400:37)

FAIL src/tests/tickets.test.ts
  Ticket Routes
    POST /api/tickets
      ✕ should create a new support ticket
      ✕ should create ticket with default priority
      ✕ should validate required fields
      ✕ should validate category values
      ✕ should validate priority values
      ✕ should require authentication
    GET /api/tickets
      ✕ should get user tickets with pagination
      ✕ should filter tickets by status (1 ms)
      ✕ should support pagination
      ✕ should only return user own tickets
    GET /api/tickets/:ticketId
      ✕ should get specific ticket
      ✕ should return 404 for non-existent ticket
      ✕ should not allow access to other users tickets

  ● Ticket Routes › POST /api/tickets › should create a new support ticket

    MongoServerError: E11000 duplicate key error collection: test.users index: username_1 dup key: { username: "testuser" }

      at node_modules/mongodb/src/operations/insert.ts:85:25
      at node_modules/mongodb/src/operations/command.ts:173:14

  ● Ticket Routes › POST /api/tickets › should create ticket with default priority

    MongoServerError: E11000 duplicate key error collection: test.users index: username_1 dup key: { username: "testuser" }

      at node_modules/mongodb/src/operations/insert.ts:85:25
      at node_modules/mongodb/src/operations/command.ts:173:14

  ● Ticket Routes › POST /api/tickets › should validate required fields

    MongoServerError: E11000 duplicate key error collection: test.users index: username_1 dup key: { username: "testuser" }

      at node_modules/mongodb/src/operations/insert.ts:85:25
      at node_modules/mongodb/src/operations/command.ts:173:14

  ● Ticket Routes › POST /api/tickets › should validate category values

    MongoServerError: E11000 duplicate key error collection: test.users index: username_1 dup key: { username: "testuser" }

      at node_modules/mongodb/src/operations/insert.ts:85:25
      at node_modules/mongodb/src/operations/command.ts:173:14

  ● Ticket Routes › POST /api/tickets › should validate priority values

    MongoServerError: E11000 duplicate key error collection: test.users index: username_1 dup key: { username: "testuser" }

      at node_modules/mongodb/src/operations/insert.ts:85:25
      at node_modules/mongodb/src/operations/command.ts:173:14

  ● Ticket Routes › POST /api/tickets › should require authentication

    MongoServerError: E11000 duplicate key error collection: test.users index: username_1 dup key: { username: "testuser" }

      at node_modules/mongodb/src/operations/insert.ts:85:25
      at node_modules/mongodb/src/operations/command.ts:173:14

  ● Ticket Routes › GET /api/tickets › should get user tickets with pagination

    MongoServerError: E11000 duplicate key error collection: test.users index: username_1 dup key: { username: "testuser" }

      at node_modules/mongodb/src/operations/insert.ts:85:25
      at node_modules/mongodb/src/operations/command.ts:173:14

  ● Ticket Routes › GET /api/tickets › should filter tickets by status

    MongoServerError: E11000 duplicate key error collection: test.users index: username_1 dup key: { username: "testuser" }

      at node_modules/mongodb/src/operations/insert.ts:85:25
      at node_modules/mongodb/src/operations/command.ts:173:14

  ● Ticket Routes › GET /api/tickets › should support pagination

    MongoServerError: E11000 duplicate key error collection: test.users index: username_1 dup key: { username: "testuser" }

      at node_modules/mongodb/src/operations/insert.ts:85:25
      at node_modules/mongodb/src/operations/command.ts:173:14

  ● Ticket Routes › GET /api/tickets › should only return user own tickets

    MongoServerError: E11000 duplicate key error collection: test.users index: username_1 dup key: { username: "testuser" }

      at node_modules/mongodb/src/operations/insert.ts:85:25
      at node_modules/mongodb/src/operations/command.ts:173:14

  ● Ticket Routes › GET /api/tickets/:ticketId › should get specific ticket

    MongoServerError: E11000 duplicate key error collection: test.users index: username_1 dup key: { username: "testuser" }

      at node_modules/mongodb/src/operations/insert.ts:85:25
      at node_modules/mongodb/src/operations/command.ts:173:14

  ● Ticket Routes › GET /api/tickets/:ticketId › should return 404 for non-existent ticket

    MongoServerError: E11000 duplicate key error collection: test.users index: username_1 dup key: { username: "testuser" }

      at node_modules/mongodb/src/operations/insert.ts:85:25
      at node_modules/mongodb/src/operations/command.ts:173:14

  ● Ticket Routes › GET /api/tickets/:ticketId › should not allow access to other users tickets

    MongoServerError: E11000 duplicate key error collection: test.users index: username_1 dup key: { username: "testuser" }

      at node_modules/mongodb/src/operations/insert.ts:85:25
      at node_modules/mongodb/src/operations/command.ts:173:14

FAIL src/tests/integration-auth-flow.test.ts (5.488 s)
  Integration: Complete Auth Flow
    Complete User Journey: Register → Login → Create Project → Access Project
      ✕ should allow full user workflow (994 ms)
      ✕ should support full project with todos workflow (644 ms)
    Authentication Security Flow
      ✓ should prevent access without authentication (31 ms)
      ✓ should prevent access with invalid token (31 ms)
      ✓ should prevent duplicate user registration (342 ms)
      ✓ should prevent login with wrong password (594 ms)
      ✕ should prevent access to other users projects (1206 ms)
    Password Security
      ✓ should hash passwords in database (580 ms)
      ✓ should not return password in API responses (616 ms)

  ● Integration: Complete Auth Flow › Complete User Journey: Register → Login → Create Project → Access Project › should allow full user workflow

    expect(received).toBe(expected) // Object.is equality

    Expected: 200
    Received: 403

      142 |         .set('Cookie', authCookie!);
      143 |
    > 144 |       expect(deleteProjectResponse.status).toBe(200);
          |                                            ^
      145 |       expect(deleteProjectResponse.body.message).toBe('Project deleted successfully');
      146 |
      147 |       // Verify project was deleted

      at Object.<anonymous> (src/tests/integration-auth-flow.test.ts:144:44)

  ● Integration: Complete Auth Flow › Complete User Journey: Register → Login → Create Project → Access Project › should support full project with todos workflow

    expect(received).toBe(expected) // Object.is equality

    Expected: 200
    Received: 400

      191 |         .send({ title: 'Test todo', priority: 'high' });
      192 |
    > 193 |       expect(todoResponse.status).toBe(200);
          |                                   ^
      194 |       expect(todoResponse.body.todo).toBeDefined();
      195 |       const todoId = todoResponse.body.todo.id;
      196 |

      at Object.<anonymous> (src/tests/integration-auth-flow.test.ts:193:35)

  ● Integration: Complete Auth Flow › Authentication Security Flow › should prevent access to other users projects

    expect(received).toBe(expected) // Object.is equality

    Expected: 403
    Received: 200

      307 |         .set('Cookie', secondCookie!);
      308 |
    > 309 |       expect(accessResponse.status).toBe(403); // Should deny access to different user's project
          |                                     ^
      310 |     });
      311 |   });
      312 |

      at Object.<anonymous> (src/tests/integration-auth-flow.test.ts:309:37)

  console.error
    Failed to log activity: Error: ActivityLog validation failed: action: `todo_created` is not a valid enum value for path `action`.
        at ValidationError.inspect (/home/lucas/projects/active/daily_use/project-manager/backend/node_modules/mongoose/lib/error/validation.js:50:26)
        at formatValue (node:internal/util/inspect:877:19)
        at inspect (node:internal/util/inspect:404:10)
        at formatWithOptionsInternal (node:internal/util/inspect:2402:40)
        at format (node:internal/util/inspect:2259:10)
        at console.error (/home/lucas/projects/active/daily_use/project-manager/backend/node_modules/@jest/console/build/index.js:288:48)
        at ActivityLogger.log (/home/lucas/projects/active/daily_use/project-manager/backend/src/services/activityLogger.ts:149:15)
        at processTicksAndRejections (node:internal/process/task_queues:105:5)
        at Object.<anonymous> (/home/lucas/projects/active/daily_use/project-manager/backend/src/tests/services/activityLogger.test.ts:50:24) {
      errors: {
        action: ValidatorError: `todo_created` is not a valid enum value for path `action`.
            at validate (/home/lucas/projects/active/daily_use/project-manager/backend/node_modules/mongoose/lib/schematype.js:1365:13)
            at SchemaString.SchemaType.doValidate (/home/lucas/projects/active/daily_use/project-manager/backend/node_modules/mongoose/lib/schematype.js:1349:7)
            at /home/lucas/projects/active/daily_use/project-manager/backend/node_modules/mongoose/lib/document.js:3004:18
            at processTicksAndRejections (node:internal/process/task_queues:85:11) {
          properties: [Object],
          kind: 'enum',
          path: 'action',
          value: 'todo_created',
          reason: undefined,
          [Symbol(mongoose:validatorError)]: true
        }
      },
      _message: 'ActivityLog validation failed'
    }

      147 |       return await activityLog.save();
      148 |     } catch (error) {
    > 149 |       console.error('Failed to log activity:', error);
          |               ^
      150 |       throw error;
      151 |     }
      152 |   }

      at ActivityLogger.log (src/services/activityLogger.ts:149:15)
      at Object.<anonymous> (src/tests/services/activityLogger.test.ts:50:24)

  console.error
    Failed to log activity: Error: ActivityLog validation failed: action: `action_0` is not a valid enum value for path `action`.
        at ValidationError.inspect (/home/lucas/projects/active/daily_use/project-manager/backend/node_modules/mongoose/lib/error/validation.js:50:26)
        at formatValue (node:internal/util/inspect:877:19)
        at inspect (node:internal/util/inspect:404:10)
        at formatWithOptionsInternal (node:internal/util/inspect:2402:40)
        at format (node:internal/util/inspect:2259:10)
        at console.error (/home/lucas/projects/active/daily_use/project-manager/backend/node_modules/@jest/console/build/index.js:288:48)
        at ActivityLogger.log (/home/lucas/projects/active/daily_use/project-manager/backend/src/services/activityLogger.ts:149:15)
        at processTicksAndRejections (node:internal/process/task_queues:105:5)
        at Object.<anonymous> (/home/lucas/projects/active/daily_use/project-manager/backend/src/tests/services/activityLogger.test.ts:90:9) {
      errors: {
        action: ValidatorError: `action_0` is not a valid enum value for path `action`.
            at validate (/home/lucas/projects/active/daily_use/project-manager/backend/node_modules/mongoose/lib/schematype.js:1365:13)
            at SchemaString.SchemaType.doValidate (/home/lucas/projects/active/daily_use/project-manager/backend/node_modules/mongoose/lib/schematype.js:1349:7)
            at /home/lucas/projects/active/daily_use/project-manager/backend/node_modules/mongoose/lib/document.js:3004:18
            at processTicksAndRejections (node:internal/process/task_queues:85:11) {
          properties: [Object],
          kind: 'enum',
          path: 'action',
          value: 'action_0',
          reason: undefined,
          [Symbol(mongoose:validatorError)]: true
        }
      },
      _message: 'ActivityLog validation failed'
    }

      147 |       return await activityLog.save();
      148 |     } catch (error) {
    > 149 |       console.error('Failed to log activity:', error);
          |               ^
      150 |       throw error;
      151 |     }
      152 |   }

      at ActivityLogger.log (src/services/activityLogger.ts:149:15)
      at Object.<anonymous> (src/tests/services/activityLogger.test.ts:90:9)

  console.error
    Failed to log activity: Error: ActivityLog validation failed: action: `action_0` is not a valid enum value for path `action`.
        at ValidationError.inspect (/home/lucas/projects/active/daily_use/project-manager/backend/node_modules/mongoose/lib/error/validation.js:50:26)
        at formatValue (node:internal/util/inspect:877:19)
        at inspect (node:internal/util/inspect:404:10)
        at formatWithOptionsInternal (node:internal/util/inspect:2402:40)
        at format (node:internal/util/inspect:2259:10)
        at console.error (/home/lucas/projects/active/daily_use/project-manager/backend/node_modules/@jest/console/build/index.js:288:48)
        at ActivityLogger.log (/home/lucas/projects/active/daily_use/project-manager/backend/src/services/activityLogger.ts:149:15)
        at processTicksAndRejections (node:internal/process/task_queues:105:5)
        at Object.<anonymous> (/home/lucas/projects/active/daily_use/project-manager/backend/src/tests/services/activityLogger.test.ts:90:9) {
      errors: {
        action: ValidatorError: `action_0` is not a valid enum value for path `action`.
            at validate (/home/lucas/projects/active/daily_use/project-manager/backend/node_modules/mongoose/lib/schematype.js:1365:13)
            at SchemaString.SchemaType.doValidate (/home/lucas/projects/active/daily_use/project-manager/backend/node_modules/mongoose/lib/schematype.js:1349:7)
            at /home/lucas/projects/active/daily_use/project-manager/backend/node_modules/mongoose/lib/document.js:3004:18
            at processTicksAndRejections (node:internal/process/task_queues:85:11) {
          properties: [Object],
          kind: 'enum',
          path: 'action',
          value: 'action_0',
          reason: undefined,
          [Symbol(mongoose:validatorError)]: true
        }
      },
      _message: 'ActivityLog validation failed'
    }

      147 |       return await activityLog.save();
      148 |     } catch (error) {
    > 149 |       console.error('Failed to log activity:', error);
          |               ^
      150 |       throw error;
      151 |     }
      152 |   }

      at ActivityLogger.log (src/services/activityLogger.ts:149:15)
      at Object.<anonymous> (src/tests/services/activityLogger.test.ts:90:9)

  console.error
    Failed to log activity: Error: ActivityLog validation failed: action: `action_0` is not a valid enum value for path `action`.
        at ValidationError.inspect (/home/lucas/projects/active/daily_use/project-manager/backend/node_modules/mongoose/lib/error/validation.js:50:26)
        at formatValue (node:internal/util/inspect:877:19)
        at inspect (node:internal/util/inspect:404:10)
        at formatWithOptionsInternal (node:internal/util/inspect:2402:40)
        at format (node:internal/util/inspect:2259:10)
        at console.error (/home/lucas/projects/active/daily_use/project-manager/backend/node_modules/@jest/console/build/index.js:288:48)
        at ActivityLogger.log (/home/lucas/projects/active/daily_use/project-manager/backend/src/services/activityLogger.ts:149:15)
        at processTicksAndRejections (node:internal/process/task_queues:105:5)
        at Object.<anonymous> (/home/lucas/projects/active/daily_use/project-manager/backend/src/tests/services/activityLogger.test.ts:90:9) {
      errors: {
        action: ValidatorError: `action_0` is not a valid enum value for path `action`.
            at validate (/home/lucas/projects/active/daily_use/project-manager/backend/node_modules/mongoose/lib/schematype.js:1365:13)
            at SchemaString.SchemaType.doValidate (/home/lucas/projects/active/daily_use/project-manager/backend/node_modules/mongoose/lib/schematype.js:1349:7)
            at /home/lucas/projects/active/daily_use/project-manager/backend/node_modules/mongoose/lib/document.js:3004:18
            at processTicksAndRejections (node:internal/process/task_queues:85:11) {
          properties: [Object],
          kind: 'enum',
          path: 'action',
          value: 'action_0',
          reason: undefined,
          [Symbol(mongoose:validatorError)]: true
        }
      },
      _message: 'ActivityLog validation failed'
    }

      147 |       return await activityLog.save();
      148 |     } catch (error) {
    > 149 |       console.error('Failed to log activity:', error);
          |               ^
      150 |       throw error;
      151 |     }
      152 |   }

      at ActivityLogger.log (src/services/activityLogger.ts:149:15)
      at Object.<anonymous> (src/tests/services/activityLogger.test.ts:90:9)

  console.error
    Failed to log activity: Error: ActivityLog validation failed: action: `action_0` is not a valid enum value for path `action`.
        at ValidationError.inspect (/home/lucas/projects/active/daily_use/project-manager/backend/node_modules/mongoose/lib/error/validation.js:50:26)
        at formatValue (node:internal/util/inspect:877:19)
        at inspect (node:internal/util/inspect:404:10)
        at formatWithOptionsInternal (node:internal/util/inspect:2402:40)
        at format (node:internal/util/inspect:2259:10)
        at console.error (/home/lucas/projects/active/daily_use/project-manager/backend/node_modules/@jest/console/build/index.js:288:48)
        at ActivityLogger.log (/home/lucas/projects/active/daily_use/project-manager/backend/src/services/activityLogger.ts:149:15)
        at processTicksAndRejections (node:internal/process/task_queues:105:5)
        at Object.<anonymous> (/home/lucas/projects/active/daily_use/project-manager/backend/src/tests/services/activityLogger.test.ts:90:9) {
      errors: {
        action: ValidatorError: `action_0` is not a valid enum value for path `action`.
            at validate (/home/lucas/projects/active/daily_use/project-manager/backend/node_modules/mongoose/lib/schematype.js:1365:13)
            at SchemaString.SchemaType.doValidate (/home/lucas/projects/active/daily_use/project-manager/backend/node_modules/mongoose/lib/schematype.js:1349:7)
            at /home/lucas/projects/active/daily_use/project-manager/backend/node_modules/mongoose/lib/document.js:3004:18
            at processTicksAndRejections (node:internal/process/task_queues:85:11) {
          properties: [Object],
          kind: 'enum',
          path: 'action',
          value: 'action_0',
          reason: undefined,
          [Symbol(mongoose:validatorError)]: true
        }
      },
      _message: 'ActivityLog validation failed'
    }

      147 |       return await activityLog.save();
      148 |     } catch (error) {
    > 149 |       console.error('Failed to log activity:', error);
          |               ^
      150 |       throw error;
      151 |     }
      152 |   }

      at ActivityLogger.log (src/services/activityLogger.ts:149:15)
      at Object.<anonymous> (src/tests/services/activityLogger.test.ts:90:9)

  console.error
    Failed to log activity: Error: ActivityLog validation failed: action: `user_action_0` is not a valid enum value for path `action`.
        at ValidationError.inspect (/home/lucas/projects/active/daily_use/project-manager/backend/node_modules/mongoose/lib/error/validation.js:50:26)
        at formatValue (node:internal/util/inspect:877:19)
        at inspect (node:internal/util/inspect:404:10)
        at formatWithOptionsInternal (node:internal/util/inspect:2402:40)
        at format (node:internal/util/inspect:2259:10)
        at console.error (/home/lucas/projects/active/daily_use/project-manager/backend/node_modules/@jest/console/build/index.js:288:48)
        at ActivityLogger.log (/home/lucas/projects/active/daily_use/project-manager/backend/src/services/activityLogger.ts:149:15)
        at processTicksAndRejections (node:internal/process/task_queues:105:5)
        at Object.<anonymous> (/home/lucas/projects/active/daily_use/project-manager/backend/src/tests/services/activityLogger.test.ts:177:9) {
      errors: {
        action: ValidatorError: `user_action_0` is not a valid enum value for path `action`.
            at validate (/home/lucas/projects/active/daily_use/project-manager/backend/node_modules/mongoose/lib/schematype.js:1365:13)
            at SchemaString.SchemaType.doValidate (/home/lucas/projects/active/daily_use/project-manager/backend/node_modules/mongoose/lib/schematype.js:1349:7)
            at /home/lucas/projects/active/daily_use/project-manager/backend/node_modules/mongoose/lib/document.js:3004:18
            at processTicksAndRejections (node:internal/process/task_queues:85:11) {
          properties: [Object],
          kind: 'enum',
          path: 'action',
          value: 'user_action_0',
          reason: undefined,
          [Symbol(mongoose:validatorError)]: true
        }
      },
      _message: 'ActivityLog validation failed'
    }

      147 |       return await activityLog.save();
      148 |     } catch (error) {
    > 149 |       console.error('Failed to log activity:', error);
          |               ^
      150 |       throw error;
      151 |     }
      152 |   }

      at ActivityLogger.log (src/services/activityLogger.ts:149:15)
      at Object.<anonymous> (src/tests/services/activityLogger.test.ts:177:9)

  console.error
    Failed to log activity: Error: ActivityLog validation failed: action: `user_action_0` is not a valid enum value for path `action`.
        at ValidationError.inspect (/home/lucas/projects/active/daily_use/project-manager/backend/node_modules/mongoose/lib/error/validation.js:50:26)
        at formatValue (node:internal/util/inspect:877:19)
        at inspect (node:internal/util/inspect:404:10)
        at formatWithOptionsInternal (node:internal/util/inspect:2402:40)
        at format (node:internal/util/inspect:2259:10)
        at console.error (/home/lucas/projects/active/daily_use/project-manager/backend/node_modules/@jest/console/build/index.js:288:48)
        at ActivityLogger.log (/home/lucas/projects/active/daily_use/project-manager/backend/src/services/activityLogger.ts:149:15)
        at processTicksAndRejections (node:internal/process/task_queues:105:5)
        at Object.<anonymous> (/home/lucas/projects/active/daily_use/project-manager/backend/src/tests/services/activityLogger.test.ts:177:9) {
      errors: {
        action: ValidatorError: `user_action_0` is not a valid enum value for path `action`.
            at validate (/home/lucas/projects/active/daily_use/project-manager/backend/node_modules/mongoose/lib/schematype.js:1365:13)
            at SchemaString.SchemaType.doValidate (/home/lucas/projects/active/daily_use/project-manager/backend/node_modules/mongoose/lib/schematype.js:1349:7)
            at /home/lucas/projects/active/daily_use/project-manager/backend/node_modules/mongoose/lib/document.js:3004:18
            at processTicksAndRejections (node:internal/process/task_queues:85:11) {
          properties: [Object],
          kind: 'enum',
          path: 'action',
          value: 'user_action_0',
          reason: undefined,
          [Symbol(mongoose:validatorError)]: true
        }
      },
      _message: 'ActivityLog validation failed'
    }

      147 |       return await activityLog.save();
      148 |     } catch (error) {
    > 149 |       console.error('Failed to log activity:', error);
          |               ^
      150 |       throw error;
      151 |     }
      152 |   }

      at ActivityLogger.log (src/services/activityLogger.ts:149:15)
      at Object.<anonymous> (src/tests/services/activityLogger.test.ts:177:9)

  console.error
    Failed to log activity: Error: ActivityLog validation failed: action: `recent_action` is not a valid enum value for path `action`.
        at ValidationError.inspect (/home/lucas/projects/active/daily_use/project-manager/backend/node_modules/mongoose/lib/error/validation.js:50:26)
        at formatValue (node:internal/util/inspect:877:19)
        at inspect (node:internal/util/inspect:404:10)
        at formatWithOptionsInternal (node:internal/util/inspect:2402:40)
        at format (node:internal/util/inspect:2259:10)
        at console.error (/home/lucas/projects/active/daily_use/project-manager/backend/node_modules/@jest/console/build/index.js:288:48)
        at ActivityLogger.log (/home/lucas/projects/active/daily_use/project-manager/backend/src/services/activityLogger.ts:149:15)
        at processTicksAndRejections (node:internal/process/task_queues:105:5)
        at Object.<anonymous> (/home/lucas/projects/active/daily_use/project-manager/backend/src/tests/services/activityLogger.test.ts:212:7) {
      errors: {
        action: ValidatorError: `recent_action` is not a valid enum value for path `action`.
            at validate (/home/lucas/projects/active/daily_use/project-manager/backend/node_modules/mongoose/lib/schematype.js:1365:13)
            at SchemaString.SchemaType.doValidate (/home/lucas/projects/active/daily_use/project-manager/backend/node_modules/mongoose/lib/schematype.js:1349:7)
            at /home/lucas/projects/active/daily_use/project-manager/backend/node_modules/mongoose/lib/document.js:3004:18
            at processTicksAndRejections (node:internal/process/task_queues:85:11) {
          properties: [Object],
          kind: 'enum',
          path: 'action',
          value: 'recent_action',
          reason: undefined,
          [Symbol(mongoose:validatorError)]: true
        }
      },
      _message: 'ActivityLog validation failed'
    }

      147 |       return await activityLog.save();
      148 |     } catch (error) {
    > 149 |       console.error('Failed to log activity:', error);
          |               ^
      150 |       throw error;
      151 |     }
      152 |   }

      at ActivityLogger.log (src/services/activityLogger.ts:149:15)
      at Object.<anonymous> (src/tests/services/activityLogger.test.ts:212:7)

FAIL src/tests/services/activityLogger.test.ts
  ActivityLogger Service
    log
      ✓ should create activity log entry (387 ms)
      ✕ should include metadata (331 ms)
      ✓ should include user agent and IP (290 ms)
    getProjectActivities
      ✕ should get activities for a project (291 ms)
      ✕ should support pagination (291 ms)
      ✕ should filter by user (294 ms)
      ✕ should filter by date range (307 ms)
    getUserActivities
      ✕ should get activities for a user (302 ms)
      ✕ should filter by project (298 ms)
    getRecentActivity
      ✕ should get recent activity (285 ms)
      ✓ should only return activities within time window (288 ms)
    logProjectJoin
      ✓ should log project join (297 ms)
      ✓ should prevent duplicate joins within time window (298 ms)

  ● ActivityLogger Service › log › should include metadata

    ValidationError: ActivityLog validation failed: action: `todo_created` is not a valid enum value for path `action`.

      at model.Document.invalidate (node_modules/mongoose/lib/document.js:3219:32)
      at node_modules/mongoose/lib/document.js:3012:17
      at node_modules/mongoose/lib/schematype.js:1368:9

  ● ActivityLogger Service › getProjectActivities › should get activities for a project

    ValidationError: ActivityLog validation failed: action: `action_0` is not a valid enum value for path `action`.

      at model.Document.invalidate (node_modules/mongoose/lib/document.js:3219:32)
      at node_modules/mongoose/lib/document.js:3012:17
      at node_modules/mongoose/lib/schematype.js:1368:9

  ● ActivityLogger Service › getProjectActivities › should support pagination

    ValidationError: ActivityLog validation failed: action: `action_0` is not a valid enum value for path `action`.

      at model.Document.invalidate (node_modules/mongoose/lib/document.js:3219:32)
      at node_modules/mongoose/lib/document.js:3012:17
      at node_modules/mongoose/lib/schematype.js:1368:9

  ● ActivityLogger Service › getProjectActivities › should filter by user

    ValidationError: ActivityLog validation failed: action: `action_0` is not a valid enum value for path `action`.

      at model.Document.invalidate (node_modules/mongoose/lib/document.js:3219:32)
      at node_modules/mongoose/lib/document.js:3012:17
      at node_modules/mongoose/lib/schematype.js:1368:9

  ● ActivityLogger Service › getProjectActivities › should filter by date range

    ValidationError: ActivityLog validation failed: action: `action_0` is not a valid enum value for path `action`.

      at model.Document.invalidate (node_modules/mongoose/lib/document.js:3219:32)
      at node_modules/mongoose/lib/document.js:3012:17
      at node_modules/mongoose/lib/schematype.js:1368:9

  ● ActivityLogger Service › getUserActivities › should get activities for a user

    ValidationError: ActivityLog validation failed: action: `user_action_0` is not a valid enum value for path `action`.

      at model.Document.invalidate (node_modules/mongoose/lib/document.js:3219:32)
      at node_modules/mongoose/lib/document.js:3012:17
      at node_modules/mongoose/lib/schematype.js:1368:9

  ● ActivityLogger Service › getUserActivities › should filter by project

    ValidationError: ActivityLog validation failed: action: `user_action_0` is not a valid enum value for path `action`.

      at model.Document.invalidate (node_modules/mongoose/lib/document.js:3219:32)
      at node_modules/mongoose/lib/document.js:3012:17
      at node_modules/mongoose/lib/schematype.js:1368:9

  ● ActivityLogger Service › getRecentActivity › should get recent activity

    ValidationError: ActivityLog validation failed: action: `recent_action` is not a valid enum value for path `action`.

      at model.Document.invalidate (node_modules/mongoose/lib/document.js:3219:32)
      at node_modules/mongoose/lib/document.js:3012:17
      at node_modules/mongoose/lib/schematype.js:1368:9

FAIL src/tests/public.test.ts
  Public Routes
    GET /api/public/project/:identifier
      ✓ should get public project by ID (418 ms)
      ✓ should get public project by slug (302 ms)
      ✓ should return 404 for non-existent project (13 ms)
      ✓ should return 403 for private project (287 ms)
      ✓ should respect visibility settings (301 ms)
      ✓ should include owner information (299 ms)
      ✓ should not expose sensitive project data (296 ms)
    GET /api/public/user/:identifier
      ✕ should get public user profile (286 ms)
      ✓ should return 403 for private user profile (286 ms)
      ✓ should not expose sensitive user data (297 ms)
    GET /api/public/user/:identifier/projects
      ✕ should get public projects for user (298 ms)

  ● Public Routes › GET /api/public/user/:identifier › should get public user profile

    expected 200 "OK", got 404 "Not Found"

      199 |       const response = await request(app)
      200 |         .get('/api/public/user/profile-user')
    > 201 |         .expect(200);
          |          ^
      202 |
      203 |       expect(response.body).toHaveProperty('success', true);
      204 |       expect(response.body.user).toHaveProperty('username', 'profileuser');

      at Object.<anonymous> (src/tests/public.test.ts:201:10)
      ----
      at Test._assertStatus (node_modules/supertest/lib/test.js:309:14)
      at node_modules/supertest/lib/test.js:365:13
      at Test._assertFunction (node_modules/supertest/lib/test.js:342:13)
      at Test.assert (node_modules/supertest/lib/test.js:195:23)
      at localAssert (node_modules/supertest/lib/test.js:138:14)
      at Server.<anonymous> (node_modules/supertest/lib/test.js:152:11)

  ● Public Routes › GET /api/public/user/:identifier/projects › should get public projects for user

    expected 200 "OK", got 404 "Not Found"

      276 |       const response = await request(app)
      277 |         .get('/api/public/user/projects-user/projects')
    > 278 |         .expect(200);
          |          ^
      279 |
      280 |       expect(response.body).toHaveProperty('projects');
      281 |       expect(Array.isArray(response.body.projects)).toBe(true);

      at Object.<anonymous> (src/tests/public.test.ts:278:10)
      ----
      at Test._assertStatus (node_modules/supertest/lib/test.js:309:14)
      at node_modules/supertest/lib/test.js:365:13
      at Test._assertFunction (node_modules/supertest/lib/test.js:342:13)
      at Test.assert (node_modules/supertest/lib/test.js:195:23)
      at localAssert (node_modules/supertest/lib/test.js:138:14)
      at Server.<anonymous> (node_modules/supertest/lib/test.js:152:11)

FAIL src/tests/handlers/StackHandlers.test.ts
  StackHandlers
    handleAddStack
      ✓ should trigger wizard when no args or flags (79 ms)
      ✓ should add stack item with all fields (126 ms)
      ✓ should reject old args syntax (34 ms)
      ✓ should validate required name field (23 ms)
      ✕ should add stack item with minimal fields (34 ms)
    handleViewStack
      ✓ should view all stack items (26 ms)
      ✕ should filter by category (37 ms)
    handleRemoveStack
      ✕ should remove stack item (12 ms)
      ✓ should error when removing non-existent item (8 ms)

  ● StackHandlers › handleAddStack › should add stack item with minimal fields

    expect(received).toBe(expected) // Object.is equality

    Expected: "Express"
    Received: "Express.js"

      142 |
      143 |       expect(result.type).toBe(ResponseType.SUCCESS);
    > 144 |       expect(mockProject.stack[0].name).toBe('Express');
          |                                         ^
      145 |     });
      146 |   });
      147 |

      at Object.<anonymous> (src/tests/handlers/StackHandlers.test.ts:144:41)

  ● StackHandlers › handleViewStack › should filter by category

    expect(received).toHaveLength(expected)

    Expected length: 1
    Received length: 3
    Received array:  [{"category": "framework", "description": "", "name": "React", "version": "18.2.0"}, {"category": "api", "description": "", "name": "Express", "version": "4.18.0"}, {"category": "database", "description": "", "name": "MongoDB", "version": "6.0"}]

      192 |
      193 |       expect(result.type).toBe(ResponseType.DATA);
    > 194 |       expect(result.data.stack).toHaveLength(1);
          |                                 ^
      195 |       expect(result.data.stack[0].name).toBe('React');
      196 |     });
      197 |   });

      at Object.<anonymous> (src/tests/handlers/StackHandlers.test.ts:194:33)

  ● StackHandlers › handleRemoveStack › should remove stack item

    expect(received).toBe(expected) // Object.is equality

    Expected: "success"
    Received: "error"

      221 |       const result = await handler.handleRemoveStack(parsed, projectId);
      222 |
    > 223 |       expect(result.type).toBe(ResponseType.SUCCESS);
          |                           ^
      224 |       expect(mockProject.stack).toHaveLength(1);
      225 |       expect(mockProject.stack[0].id).toBe('2');
      226 |       expect(mockProject.save).toHaveBeenCalled();

      at Object.<anonymous> (src/tests/handlers/StackHandlers.test.ts:223:27)

FAIL src/tests/integration-project-lifecycle.test.ts
  Integration: Project Lifecycle
    ✕ should handle full project CRUD workflow (989 ms)

  ● Integration: Project Lifecycle › should handle full project CRUD workflow

    expect(received).toBe(expected) // Object.is equality

    Expected: 200
    Received: 403

      79 |       .set('Cookie', userCookie);
      80 |
    > 81 |     expect(deleteRes.status).toBe(200);
         |                              ^
      82 |   });
      83 | });
      84 |

      at Object.<anonymous> (src/tests/integration-project-lifecycle.test.ts:81:30)

FAIL src/tests/integration-billing.test.ts
  Integration: Billing & Subscription Limits
    ✓ should enforce project limits for free tier users (991 ms)
    ✕ should allow more projects after upgrading plan (57 ms)

  ● Integration: Billing & Subscription Limits › should allow more projects after upgrading plan

    expect(received).toBeTruthy()

    Received: null

      85 |     // Upgrade to pro
      86 |     const dbUser = await User.findOne({ email: user.email });
    > 87 |     expect(dbUser).toBeTruthy();
         |                    ^
      88 |     
      89 |     dbUser!.planTier = 'pro';
      90 |     dbUser!.projectLimit = 10;

      at Object.<anonymous> (src/tests/integration-billing.test.ts:87:20)

FAIL src/tests/integration-team-collaboration.test.ts
  Integration: Team Collaboration
    ✕ should handle team invitation workflow (290 ms)

  ● Integration: Team Collaboration › should handle team invitation workflow

    TypeError: Invalid value "undefined" for header "Cookie"

      at Test.setHeader [as request] (node_modules/superagent/src/node/index.js:830:39)
      at Test.request [as end] (node_modules/superagent/src/node/index.js:965:8)
      at Test.end (node_modules/supertest/lib/test.js:136:11)
      at end (node_modules/superagent/src/request-base.js:283:12)
      at Test.RequestBase.then (node_modules/superagent/src/request-base.js:265:31)

FAIL src/tests/middleware-auth.test.ts
  Auth Middleware
    requireAuth
      ✕ should authenticate valid token (3 ms)
      ✓ should reject missing token (2 ms)
      ✓ should reject invalid token (1 ms)
      ✕ should handle expired token (3 ms)
      ✕ should handle missing JWT_SECRET (2 ms)
      ✓ should handle malformed token (1 ms)
    requireProjectAccess
      ✕ should grant access to project owner (2 ms)
      ✕ should grant access to team member with editor role (2 ms)
      ✕ should grant limited access to team member with viewer role (3 ms)
      ✕ should deny access if project not found (2 ms)
      ✕ should deny access if user has no permissions (2 ms)
      ✕ should deny access for edit permission when user only has view access (1 ms)
      ✕ should handle database errors (2 ms)
      ✕ should require authentication first (2 ms)
      ✕ should require project ID in params (1 ms)
      ✕ should allow team management for owner role (2 ms)

  ● Auth Middleware › requireAuth › should authenticate valid token

    expect(jest.fn()).toHaveBeenCalledWith(...expected)

    Expected: "valid-token", "test-secret"

    Number of calls: 0

      57 |       requireAuth(mockReq as AuthRequest, mockRes as Response, mockNext);
      58 |
    > 59 |       expect(jwt.verify).toHaveBeenCalledWith('valid-token', 'test-secret');
         |                          ^
      60 |       expect(mockReq.userId).toBe(mockUserId);
      61 |       expect(mockNext).toHaveBeenCalled();
      62 |     });

      at Object.<anonymous> (src/tests/middleware-auth.test.ts:59:26)

  ● Auth Middleware › requireAuth › should handle expired token

    expect(jest.fn()).toHaveBeenCalledWith(...expected)

    - Expected
    + Received

      Object {
    -   "message": "Token expired",
    +   "message": "Invalid token",
      },

    Number of calls: 1

       98 |
       99 |       expect(mockRes.status).toHaveBeenCalledWith(401);
    > 100 |       expect(mockRes.json).toHaveBeenCalledWith({ message: 'Token expired' });
          |                            ^
      101 |       expect(mockNext).not.toHaveBeenCalled();
      102 |     });
      103 |

      at Object.<anonymous> (src/tests/middleware-auth.test.ts:100:28)

  ● Auth Middleware › requireAuth › should handle missing JWT_SECRET

    expect(jest.fn()).toHaveBeenCalledWith(...expected)

    Expected: 500
    Received: 401

    Number of calls: 1

      108 |       requireAuth(mockReq as AuthRequest, mockRes as Response, mockNext);
      109 |
    > 110 |       expect(mockRes.status).toHaveBeenCalledWith(500);
          |                              ^
      111 |       expect(mockRes.json).toHaveBeenCalledWith({ message: 'Server configuration error' });
      112 |       expect(mockNext).not.toHaveBeenCalled();
      113 |     });

      at Object.<anonymous> (src/tests/middleware-auth.test.ts:110:30)

  ● Auth Middleware › requireProjectAccess › should grant access to project owner

    expect(received).toEqual(expected) // deep equality

    Expected: {"canEdit": true, "canManageTeam": true, "isOwner": true, "role": "owner"}
    Received: undefined

      149 |       await middleware(mockReq as AuthRequest, mockRes as Response, mockNext);
      150 |
    > 151 |       expect(mockReq.projectAccess).toEqual({
          |                                     ^
      152 |         isOwner: true,
      153 |         role: 'owner',
      154 |         canEdit: true,

      at Object.<anonymous> (src/tests/middleware-auth.test.ts:151:37)

  ● Auth Middleware › requireProjectAccess › should grant access to team member with editor role

    expect(received).toEqual(expected) // deep equality

    Expected: {"canEdit": true, "canManageTeam": false, "isOwner": false, "role": "editor"}
    Received: undefined

      177 |       await middleware(mockReq as AuthRequest, mockRes as Response, mockNext);
      178 |
    > 179 |       expect(mockReq.projectAccess).toEqual({
          |                                     ^
      180 |         isOwner: false,
      181 |         role: 'editor',
      182 |         canEdit: true,

      at Object.<anonymous> (src/tests/middleware-auth.test.ts:179:37)

  ● Auth Middleware › requireProjectAccess › should grant limited access to team member with viewer role

    expect(received).toEqual(expected) // deep equality

    Expected: {"canEdit": false, "canManageTeam": false, "isOwner": false, "role": "viewer"}
    Received: undefined

      205 |       await middleware(mockReq as AuthRequest, mockRes as Response, mockNext);
      206 |
    > 207 |       expect(mockReq.projectAccess).toEqual({
          |                                     ^
      208 |         isOwner: false,
      209 |         role: 'viewer',
      210 |         canEdit: false,

      at Object.<anonymous> (src/tests/middleware-auth.test.ts:207:37)

  ● Auth Middleware › requireProjectAccess › should deny access if project not found

    expect(jest.fn()).toHaveBeenCalledWith(...expected)

    Expected: 404

    Number of calls: 0

      220 |       await middleware(mockReq as AuthRequest, mockRes as Response, mockNext);
      221 |
    > 222 |       expect(mockRes.status).toHaveBeenCalledWith(404);
          |                              ^
      223 |       expect(mockRes.json).toHaveBeenCalledWith({ message: 'Project not found' });
      224 |       expect(mockNext).not.toHaveBeenCalled();
      225 |     });

      at Object.<anonymous> (src/tests/middleware-auth.test.ts:222:30)

  ● Auth Middleware › requireProjectAccess › should deny access if user has no permissions

    expect(jest.fn()).toHaveBeenCalledWith(...expected)

    Expected: 403

    Number of calls: 0

      237 |       await middleware(mockReq as AuthRequest, mockRes as Response, mockNext);
      238 |
    > 239 |       expect(mockRes.status).toHaveBeenCalledWith(403);
          |                              ^
      240 |       expect(mockRes.json).toHaveBeenCalledWith({ message: 'Access denied: Not a team member' });
      241 |       expect(mockNext).not.toHaveBeenCalled();
      242 |     });

      at Object.<anonymous> (src/tests/middleware-auth.test.ts:239:30)

  ● Auth Middleware › requireProjectAccess › should deny access for edit permission when user only has view access

    expect(jest.fn()).toHaveBeenCalledWith(...expected)

    Expected: 403

    Number of calls: 0

      260 |       await middleware(mockReq as AuthRequest, mockRes as Response, mockNext);
      261 |
    > 262 |       expect(mockRes.status).toHaveBeenCalledWith(403);
          |                              ^
      263 |       expect(mockRes.json).toHaveBeenCalledWith({ message: 'Access denied: Edit permission required' });
      264 |       expect(mockNext).not.toHaveBeenCalled();
      265 |     });

      at Object.<anonymous> (src/tests/middleware-auth.test.ts:262:30)

  ● Auth Middleware › requireProjectAccess › should handle database errors

    expect(jest.fn()).toHaveBeenCalledWith(...expected)

    Expected: 500

    Number of calls: 0

      271 |       await middleware(mockReq as AuthRequest, mockRes as Response, mockNext);
      272 |
    > 273 |       expect(mockRes.status).toHaveBeenCalledWith(500);
          |                              ^
      274 |       expect(mockRes.json).toHaveBeenCalledWith({ message: 'Server error checking project access' });
      275 |       expect(mockNext).not.toHaveBeenCalled();
      276 |     });

      at Object.<anonymous> (src/tests/middleware-auth.test.ts:273:30)

  ● Auth Middleware › requireProjectAccess › should require authentication first

    expect(jest.fn()).toHaveBeenCalledWith(...expected)

    - Expected
    + Received

      Object {
    -   "message": "Missing authentication or project ID",
    +   "message": "Not authenticated",
      },

    Number of calls: 1

      283 |
      284 |       expect(mockRes.status).toHaveBeenCalledWith(401);
    > 285 |       expect(mockRes.json).toHaveBeenCalledWith({ message: 'Missing authentication or project ID' });
          |                            ^
      286 |       expect(mockNext).not.toHaveBeenCalled();
      287 |     });
      288 |

      at Object.<anonymous> (src/tests/middleware-auth.test.ts:285:28)

  ● Auth Middleware › requireProjectAccess › should require project ID in params

    expect(jest.fn()).toHaveBeenCalledWith(...expected)

    Expected: 401

    Number of calls: 0

      293 |       await middleware(mockReq as AuthRequest, mockRes as Response, mockNext);
      294 |
    > 295 |       expect(mockRes.status).toHaveBeenCalledWith(401);
          |                              ^
      296 |       expect(mockRes.json).toHaveBeenCalledWith({ message: 'Missing authentication or project ID' });
      297 |       expect(mockNext).not.toHaveBeenCalled();
      298 |     });

      at Object.<anonymous> (src/tests/middleware-auth.test.ts:295:30)

  ● Auth Middleware › requireProjectAccess › should allow team management for owner role

    expect(received).toEqual(expected) // deep equality

    Expected: {"canEdit": true, "canManageTeam": true, "isOwner": false, "role": "owner"}
    Received: undefined

      316 |       await middleware(mockReq as AuthRequest, mockRes as Response, mockNext);
      317 |
    > 318 |       expect(mockReq.projectAccess).toEqual({
          |                                     ^
      319 |         isOwner: false,
      320 |         role: 'owner',
      321 |         canEdit: true,

      at Object.<anonymous> (src/tests/middleware-auth.test.ts:318:37)

FAIL src/tests/handlers/SettingsHandlers.test.ts
  SettingsHandlers
    handleViewSettings
      ✓ should view project settings (14 ms)
    handleSetName
      ✓ should set project name (5 ms)
      ✕ should validate empty name (7 ms)
    handleSetDescription
      ✓ should set project description (9 ms)
      ✓ should validate empty description (4 ms)
    handleAddTag
      ✓ should add a new tag (2 ms)
      ✓ should prevent duplicate tags (3 ms)
      ✓ should validate empty tag (3 ms)
    handleRemoveTag
      ✓ should remove an existing tag (4 ms)
      ✓ should error when removing non-existent tag (5 ms)
    handleSetPublic
      ✕ should set project to public (3 ms)
      ✕ should set project to private (3 ms)

  ● SettingsHandlers › handleSetName › should validate empty name

    expect(received).toContain(expected) // indexOf

    Expected substring: "valid"
    Received string:    "Project name cannot be empty"

       96 |
       97 |       expect(result.type).toBe(ResponseType.ERROR);
    >  98 |       expect(result.message).toContain('valid');
          |                              ^
       99 |     });
      100 |   });
      101 |

      at Object.<anonymous> (src/tests/handlers/SettingsHandlers.test.ts:98:30)

  ● SettingsHandlers › handleSetPublic › should set project to public

    expect(received).toBe(expected) // Object.is equality

    Expected: "success"
    Received: "error"

      266 |       const result = await handler.handleSetPublic(parsed, projectId);
      267 |
    > 268 |       expect(result.type).toBe(ResponseType.SUCCESS);
          |                           ^
      269 |       expect(mockProject.isPublic).toBe(true);
      270 |       expect(mockProject.save).toHaveBeenCalled();
      271 |     });

      at Object.<anonymous> (src/tests/handlers/SettingsHandlers.test.ts:268:27)

  ● SettingsHandlers › handleSetPublic › should set project to private

    expect(received).toBe(expected) // Object.is equality

    Expected: "success"
    Received: "error"

      288 |       const result = await handler.handleSetPublic(parsed, projectId);
      289 |
    > 290 |       expect(result.type).toBe(ResponseType.SUCCESS);
          |                           ^
      291 |       expect(mockProject.isPublic).toBe(false);
      292 |       expect(mockProject.save).toHaveBeenCalled();
      293 |     });

      at Object.<anonymous> (src/tests/handlers/SettingsHandlers.test.ts:290:27)

FAIL src/tests/services/emailService.test.ts
  emailService
    sendProjectInvitationEmail
      ✕ should send invitation email with correct details (4 ms)
      ✓ should include invitation URL in email (2 ms)
      ✓ should include project name and inviter name (2 ms)
      ✓ should not send email if SMTP credentials are missing (2 ms)

  ● emailService › sendProjectInvitationEmail › should send invitation email with correct details

    expect(jest.fn()).toHaveBeenCalledWith(...expected)

    Expected: ObjectContaining {"subject": StringContaining "invitation", "to": "invitee@example.com"}
    Received: {"from": "\"Project Manager\" <test@example.com>", "html": "
        <!DOCTYPE html>
        <html>
        <head>
          <meta charset=\"utf-8\">
          <title>Project Invitation</title>
          <style>
            body {
              font-family: -apple-system, BlinkMacSystemFont, 'Segoe UI', Roboto, Oxygen, Ubuntu, Cantarell, sans-serif;
              line-height: 1.6;
              color: #333;
              max-width: 600px;
              margin: 0 auto;
              padding: 20px;
            }
            .header {
              text-align: center;
              padding: 30px 0;
              border-bottom: 2px solid #3B82F6;
            }
            .content {
              padding: 30px 0;
            }
            .cta-button {
              display: inline-block;
              background-color: #3B82F6;
              color: white;
              padding: 12px 30px;
              text-decoration: none;
              border-radius: 6px;
              font-weight: 600;
              margin: 20px 0;
            }
            .cta-button:hover {
              background-color: #2563EB;
            }
            .footer {
              margin-top: 40px;
              padding-top: 20px;
              border-top: 1px solid #e5e7eb;
              font-size: 14px;
              color: #6b7280;
            }
            .project-info {
              background-color: #f8fafc;
              padding: 20px;
              border-radius: 8px;
              margin: 20px 0;
            }
          </style>
        </head>
        <body>
          <div class=\"header\">
            <h1>🎯 Project Manager</h1>
            <h2>You're invited to collaborate!</h2>
          </div>·······
          <div class=\"content\">
            <p>Hi there!</p>·········
            <p><strong>John Doe</strong> has invited you to collaborate on their project as a <strong>editor</strong>.</p>·········
            <div class=\"project-info\">
              <h3>📋 Project: Test Project</h3>
              <p><strong>Your role:</strong> Editor</p>
            </div>·········
            <p>Click the button below to accept the invitation and start collaborating:</p>·········
            <div style=\"text-align: center;\">
              <a href=\"http://localhost:5002/invitation/test-token-123\" class=\"cta-button\">Accept Invitation</a>
            </div>·········
            <p>Or copy and paste this link into your browser:</p>
            <p><a href=\"http://localhost:5002/invitation/test-token-123\">http://localhost:5002/invitation/test-token-123</a></p>·········
            <p>This invitation will expire in 7 days. If you don't have an account yet, you'll be able to create one during the acceptance process.</p>
          </div>·······
          <div class=\"footer\">
            <p>This invitation was sent by John Doe through Project Manager.</p>
            <p>If you weren't expecting this invitation, you can safely ignore this email.</p>
          </div>
        </body>
        </html>
      ", "subject": "You're invited to collaborate on \"Test Project\"", "text": "
    Project Manager - Collaboration Invitation·
    Hi there!·
    John Doe has invited you to collaborate on their project \"Test Project\" as a editor.·
    Accept your invitation by visiting this link:
    http://localhost:5002/invitation/test-token-123·
    This invitation will expire in 7 days. If you don't have an account yet, you'll be able to create one during the acceptance process.·
    If you weren't expecting this invitation, you can safely ignore this email.·
    ---
    Project Manager Team
      ", "to": "invitee@example.com"}

    Number of calls: 1

      37 |
      38 |       expect(nodemailer.createTransport).toHaveBeenCalled();
    > 39 |       expect(mockSendMail).toHaveBeenCalledWith(
         |                            ^
      40 |         expect.objectContaining({
      41 |           to: 'invitee@example.com',
      42 |           subject: expect.stringContaining('invitation')

      at Object.<anonymous> (src/tests/services/emailService.test.ts:39:28)

  console.log
    Password reset attempted for non-existent email: nonexistent@example.com

      at src/routes/auth.ts:795:15

PASS src/tests/auth.test.ts (27.25 s)
  Authentication Routes
    POST /api/auth/register
      ✓ should register a new user with valid data (489 ms)
      ✓ should reject registration with weak password (29 ms)
      ✓ should reject registration with invalid email (24 ms)
      ✓ should reject registration with missing required fields (27 ms)
      ✓ should reject registration with duplicate email (326 ms)
    POST /api/auth/login
      ✓ should login with valid credentials (573 ms)
      ✓ should reject login with invalid email (297 ms)
      ✓ should reject login with invalid password (562 ms)
      ✓ should reject login with missing credentials (304 ms)
    POST /api/auth/logout
      ✓ should logout successfully (21 ms)
    GET /api/auth/me
      ✓ should return user data for authenticated user (588 ms)
      ✓ should reject request without authentication (590 ms)
      ✓ should reject request with invalid token (607 ms)
    GET /api/auth/check-username/:username
      ✓ should return available for new username (291 ms)
      ✓ should return unavailable for existing username (294 ms)
      ✓ should reject username with invalid characters (305 ms)
      ✓ should reject username that is too short (328 ms)
      ✓ should reject username that is too long (307 ms)
    PATCH /api/auth/theme
      ✓ should update theme successfully (602 ms)
      ✓ should accept custom themes (599 ms)
      ✓ should reject invalid theme (577 ms)
      ✓ should require authentication (584 ms)
    PATCH /api/auth/update-name
      ✓ should update name successfully (626 ms)
      ✓ should trim whitespace from names (658 ms)
      ✓ should reject missing first name (608 ms)
      ✓ should reject missing last name (586 ms)
      ✓ should require authentication (582 ms)
    PATCH /api/auth/update-username
      ✓ should update username successfully (929 ms)
      ✓ should convert username to lowercase (871 ms)
      ✓ should reject taken username (850 ms)
      ✓ should reject username with invalid characters (965 ms)
      ✓ should reject username that is too short (890 ms)
      ✓ should reject missing username (889 ms)
      ✓ should require authentication (875 ms)
    PATCH /api/auth/profile
      ✓ should update bio successfully (579 ms)
      ✓ should update public profile settings (607 ms)
      ✓ should update display preference to username (599 ms)
      ✓ should update display preference to name (623 ms)
      ✓ should reject invalid display preference (575 ms)
      ✓ should require authentication (570 ms)
    Password Reset Flow
      ✓ should handle forgot password request for existing email (1905 ms)
      ✓ should not reveal if email does not exist (29 ms)
      ✓ should reject password reset with invalid email format (26 ms)
      ✓ should reject password reset without email (26 ms)
    POST /api/auth/custom-themes
      ✓ should save custom themes (590 ms)
      ✓ should require authentication (593 ms)
    GET /api/auth/custom-themes
      ✓ should get custom themes (657 ms)
      ✓ should return empty array if no custom themes (1175 ms)
      ✓ should require authentication (620 ms)

2025-11-11 15:36:23 [[31MERROR[39M]: Get single project error | {"service":"dev-codex-backend","environment":"test","error":"Cast to ObjectId failed for value \"invalid-id\" (type string) at path \"_id\" for model \"Project\"","pid":1362174}
CastError: Cast to ObjectId failed for value "invalid-id" (type string) at path "_id" for model "Project"
    at ObjectId.cast (/home/lucas/projects/active/daily_use/project-manager/backend/node_modules/mongoose/lib/schema/objectid.js:250:11)
    at ObjectId.SchemaType.applySetters (/home/lucas/projects/active/daily_use/project-manager/backend/node_modules/mongoose/lib/schematype.js:1219:12)
    at ObjectId.SchemaType.castForQuery (/home/lucas/projects/active/daily_use/project-manager/backend/node_modules/mongoose/lib/schematype.js:1633:15)
    at cast (/home/lucas/projects/active/daily_use/project-manager/backend/node_modules/mongoose/lib/cast.js:389:32)
    at model.Query.Query.cast (/home/lucas/projects/active/daily_use/project-manager/backend/node_modules/mongoose/lib/query.js:4927:12)
    at model.Query.Query._castConditions (/home/lucas/projects/active/daily_use/project-manager/backend/node_modules/mongoose/lib/query.js:2237:10)
    at model.Query._findOne (/home/lucas/projects/active/daily_use/project-manager/backend/node_modules/mongoose/lib/query.js:2533:8)
    at model.Query.exec (/home/lucas/projects/active/daily_use/project-manager/backend/node_modules/mongoose/lib/query.js:4447:28)
    at processTicksAndRejections (node:internal/process/task_queues:105:5)
    at /home/lucas/projects/active/daily_use/project-manager/backend/src/routes/projects.ts:139:21
PASS src/tests/error-handling.test.ts (9.398 s)
  Error Handling
    Graceful error handling
      ✓ should handle invalid MongoDB ObjectId gracefully (619 ms)
      ✓ should handle non-existent resource requests (337 ms)
      ✓ should handle malformed JSON gracefully (300 ms)
      ✓ should handle missing required fields (308 ms)
      ✓ should handle invalid email format (314 ms)
      ✓ should handle duplicate user registration (317 ms)
      ✓ should handle missing authentication token (299 ms)
      ✓ should handle invalid authentication token (307 ms)
      ✓ should handle expired JWT token (298 ms)
    Email service failures
      ✓ should handle password reset without email configured (287 ms)
    Database validation errors
      ✓ should handle password too short (377 ms)
      ✓ should handle XSS attempts in input (318 ms)
      ✓ should handle SQL injection attempts (305 ms)
    Server error handling
      ✓ should not expose stack traces in production (302 ms)
    Concurrent request handling
      ✓ should handle multiple concurrent requests (3074 ms)
    Data integrity
      ✓ should not allow password in response (589 ms)
      ✓ should not expose sensitive user data (577 ms)

PASS src/tests/services/notificationService.test.ts (7.703 s)
  NotificationService
    getInstance
      ✓ should return singleton instance (445 ms)
    createNotification
      ✓ should create a notification (332 ms)
      ✓ should create notification with project reference (312 ms)
      ✓ should create notification with user reference (579 ms)
      ✓ should replace duplicate notifications (332 ms)
    getNotifications
      ✓ should get user notifications (326 ms)
      ✓ should support pagination (488 ms)
      ✓ should filter unread notifications (316 ms)
    markAsRead
      ✓ should mark notification as read (303 ms)
      ✓ should not mark notification for different user (573 ms)
    deleteNotification
      ✓ should delete a notification (304 ms)
      ✓ should not delete notification for different user (562 ms)
    clearAllNotifications
      ✓ should clear all user notifications (307 ms)
    hasRecentNotification
      ✓ should detect recent notification (302 ms)
      ✓ should not detect old notification (293 ms)
    notification types
      ✓ should handle project_invitation type (323 ms)
      ✓ should handle team_member_added type (293 ms)
      ✓ should handle todo_assigned type (292 ms)
      ✓ should handle todo_due_soon type (288 ms)
    createBulkNotifications
      ✓ should create multiple notifications at once (564 ms)

  console.log
    Password reset attempted for non-existent email: test@test.com

      at src/routes/auth.ts:795:15

  console.log
    Password reset attempted for non-existent email: test@test.com

      at src/routes/auth.ts:795:15

  console.log
    Password reset attempted for non-existent email: test@test.com

      at src/routes/auth.ts:795:15

PASS src/tests/rate-limiting.test.ts (7.055 s)
  Rate Limiting
    Auth rate limiting
      ✓ should block requests after exceeding auth rate limit (520 ms)
      ✓ should track rate limit attempts in database (101 ms)
      ✓ should include rate limit headers in responses (31 ms)
    Password reset rate limiting
      ✓ should block password reset requests after exceeding limit (77 ms)
    Registration rate limiting
      ✓ should block registration attempts after exceeding auth rate limit (5904 ms)
    Rate limit reset
      ✓ should reset rate limit after window expires (38 ms)
    Rate limit per IP
      ✓ should track rate limits per IP address (36 ms)

PASS src/tests/news.test.ts (7.31 s)
  News Routes
    GET /api/news
      ✓ should get all published news posts without authentication (620 ms)
      ✓ should return empty array if no published posts (30 ms)
      ✓ should sort posts by publishedAt descending (293 ms)
    GET /api/news/admin
      ✓ should get all posts for admin including drafts (311 ms)
      ✓ should reject non-admin users (289 ms)
      ✓ should require authentication (22 ms)
    GET /api/news/:id
      ✓ should get published post by ID without authentication (292 ms)
      ✓ should reject unpublished post for non-admin (297 ms)
      ✓ should allow admin to view unpublished post (294 ms)
      ✓ should return 404 for non-existent post (23 ms)
    POST /api/news
      ✓ should create news post as admin (301 ms)
      ✓ should create draft post (290 ms)
      ✓ should require title and content (300 ms)
      ✓ should reject non-admin users (295 ms)
      ✓ should require authentication (25 ms)
    PUT /api/news/:id
      ✓ should update news post as admin (309 ms)
      ✓ should set publishedAt when first published (307 ms)
      ✓ should return 404 for non-existent post (299 ms)
      ✓ should reject non-admin users (565 ms)
      ✓ should require authentication (290 ms)
    DELETE /api/news/:id
      ✓ should delete news post as admin (308 ms)
      ✓ should return 404 for non-existent post (289 ms)
      ✓ should reject non-admin users (574 ms)
      ✓ should require authentication (300 ms)

PASS src/tests/handlers/RelationshipHandlers.test.ts
  RelationshipHandlers
    handleAddRelationship
      ✓ should trigger wizard when no args or flags (55 ms)
      ✓ should add a relationship with all fields (70 ms)
      ✓ should reject old args syntax (30 ms)
      ✓ should validate required fields (11 ms)
      ✓ should support different relationship types (23 ms)
    handleViewRelationships
      ✓ should show wizard when no component specified (8 ms)
      ✓ should view relationships for specific component (14 ms)
    handleEditRelationship
      ✓ should show wizard when no args provided (9 ms)
      ✓ should return error when component not found (8 ms)
    handleDeleteRelationship
      ✓ should show wizard when no args provided (10 ms)
      ✓ should return error when component not found (7 ms)

PASS src/tests/activityLogs.test.ts (5.508 s)
  Activity Logs Routes
    GET /api/activity/project/:projectId
      ✓ should get activity logs for a project (495 ms)
      ✓ should support pagination with limit and offset (356 ms)
      ✓ should support filtering by date range (303 ms)
      ✓ should require authentication (22 ms)
    GET /api/activity/project/:projectId/recent
      ✓ should get recent activity for a project (304 ms)
      ✓ should support custom time window in minutes (306 ms)
      ✓ should require authentication (26 ms)
    GET /api/activity/project/:projectId/active-users
      ✓ should get active users for a project (325 ms)
      ✓ should support custom activity window (295 ms)
      ✓ should not show inactive sessions (307 ms)
      ✓ should require authentication (20 ms)
    GET /api/activity/user/:userId
      ✓ should get user's own activity logs (312 ms)
      ✓ should reject viewing other users' activities (551 ms)
      ✓ should support filtering by project (298 ms)
      ✓ should require authentication (20 ms)
    POST /api/activity/smart-join
      ✓ should log project join (330 ms)
      ✓ should require authentication (21 ms)
    DELETE /api/activity/project/:projectId/clear
      ✓ should clear all activity logs for a project (324 ms)
      ✓ should require authentication (20 ms)
    POST /api/activity/log
      ✓ should log custom activity (304 ms)
      ✓ should require authentication (25 ms)

  console.error
    Error fetching project owner plan tier: TypeError: Project_1.Project.findById(...).select is not a function
        at getProjectOwnerPlanTier (/home/lucas/projects/active/daily_use/project-manager/backend/src/utils/retentionUtils.ts:55:55)
        at TeamHandlers.handleRemoveMember (/home/lucas/projects/active/daily_use/project-manager/backend/src/services/handlers/TeamHandlers.ts:273:51)
        at processTicksAndRejections (node:internal/process/task_queues:105:5)
        at Object.<anonymous> (/home/lucas/projects/active/daily_use/project-manager/backend/src/tests/handlers/TeamHandlers.test.ts:270:22)

      60 |     return getUserPlanTier(project.ownerId);
      61 |   } catch (error) {
    > 62 |     console.error('Error fetching project owner plan tier:', error);
         |             ^
      63 |     return DEFAULT_PLAN_TIER;
      64 |   }
      65 | }

      at getProjectOwnerPlanTier (src/utils/retentionUtils.ts:62:13)
      at TeamHandlers.handleRemoveMember (src/services/handlers/TeamHandlers.ts:273:51)
      at Object.<anonymous> (src/tests/handlers/TeamHandlers.test.ts:270:22)

PASS src/tests/handlers/TeamHandlers.test.ts
  TeamHandlers
    handleViewTeam
      ✓ should view team members (2 ms)
      ✓ should show message when no team members (1 ms)
    handleInviteMember
      ✓ should validate email/username is provided (1 ms)
      ✓ should validate role (1 ms)
      ✓ should prevent self-invitation (1 ms)
      ✓ should check if user is already a member (1 ms)
    handleRemoveMember
      ✓ should validate member identifier is provided (2 ms)
      ✓ should find and remove member by email (20 ms)
      ✓ should error when member not found (2 ms)
      ✓ should error when user is not a team member (1 ms)

PASS src/tests/handlers/SearchHandlers.test.ts
  SearchHandlers
    handleSearch
      ✓ should return error when query is empty (16 ms)
      ✓ should search todos in project (5 ms)
      ✓ should search notes in project (6 ms)
      ✓ should search devlog in project (5 ms)
      ✓ should search components in project (7 ms)
      ✓ should search across multiple types (4 ms)
      ✓ should return empty results when no matches found (2 ms)
      ✓ should search case-insensitively (3 ms)
      ✓ should search multi-word queries (3 ms)

PASS src/tests/billing.test.ts
  Billing and Payment Routes
    GET /api/billing/info
      ✓ should return user billing info for free tier (452 ms)
      ✓ should reject request without authentication (305 ms)
      ✓ should return billing info for pro user (305 ms)
    POST /api/billing/create-checkout-session
      ✓ should create checkout session successfully (321 ms)
      ✓ should reject invalid plan tier (298 ms)
      ✓ should reject request without authentication (281 ms)
    POST /api/billing/cancel-subscription
      ✓ should handle cancellation for user without subscription (293 ms)
      ✓ should reject request without authentication (284 ms)
    POST /api/billing/webhook
      ✓ should require authentication (webhook protected in test) (286 ms)
    Basic functionality
      ✓ should handle plan limits correctly (280 ms)
      ✓ should allow plan upgrades (286 ms)

  console.log
    [TERMINAL ANALYTICS] Tracking terminal command: {
      userId: '6913c8a29acddfa2b18c576c',
      commandType: 'help',
      responseType: 'info'
    }

      at src/routes/terminal.ts:47:15

  console.log
    [TERMINAL ANALYTICS] Track result: SUCCESS

      at src/routes/terminal.ts:64:15

  console.log
    [TERMINAL ANALYTICS] Tracking terminal command: {
      userId: '6913c8a29acddfa2b18c577f',
      commandType: 'help',
      responseType: 'info'
    }

      at src/routes/terminal.ts:47:15

  console.log
    [TERMINAL ANALYTICS] Track result: SUCCESS

      at src/routes/terminal.ts:64:15

  console.log
    [TERMINAL ANALYTICS] Tracking terminal command: {
      userId: '6913c8a39acddfa2b18c5794',
      commandType: 'help',
      responseType: 'info'
    }

      at src/routes/terminal.ts:47:15

  console.log
    [TERMINAL ANALYTICS] Track result: SUCCESS

      at src/routes/terminal.ts:64:15

PASS src/tests/terminal.test.ts
  Terminal Routes
    POST /api/terminal/execute
      ✓ should require authentication (228 ms)
      ✓ should reject empty command (341 ms)
      ✓ should reject non-string command (302 ms)
      ✓ should execute help command (316 ms)
      ✓ should handle command with project context (321 ms)
      ✓ should return response for valid command (315 ms)
    GET /api/terminal/commands
      ✓ should require authentication (23 ms)
      ✓ should get available commands (290 ms)
      ✓ should include command metadata (294 ms)
      ✓ should require authentication (20 ms)
      ✓ should get commands information (294 ms)
    GET /api/terminal/projects
      ✓ should require authentication (25 ms)
      ✓ should get user projects (302 ms)

  console.error
    Get notifications error: Error: Database error
        at Object.<anonymous> (/home/lucas/projects/active/daily_use/project-manager/backend/src/tests/notifications.test.ts:95:66)
        at Promise.finally.completed (/home/lucas/projects/active/daily_use/project-manager/backend/node_modules/jest-circus/build/jestAdapterInit.js:1556:28)
        at new Promise (<anonymous>)
        at callAsyncCircusFn (/home/lucas/projects/active/daily_use/project-manager/backend/node_modules/jest-circus/build/jestAdapterInit.js:1496:10)
        at _callCircusTest (/home/lucas/projects/active/daily_use/project-manager/backend/node_modules/jest-circus/build/jestAdapterInit.js:1006:40)
        at processTicksAndRejections (node:internal/process/task_queues:105:5)
        at _runTest (/home/lucas/projects/active/daily_use/project-manager/backend/node_modules/jest-circus/build/jestAdapterInit.js:946:3)
        at _runTestsForDescribeBlock (/home/lucas/projects/active/daily_use/project-manager/backend/node_modules/jest-circus/build/jestAdapterInit.js:839:13)
        at _runTestsForDescribeBlock (/home/lucas/projects/active/daily_use/project-manager/backend/node_modules/jest-circus/build/jestAdapterInit.js:829:11)
        at _runTestsForDescribeBlock (/home/lucas/projects/active/daily_use/project-manager/backend/node_modules/jest-circus/build/jestAdapterInit.js:829:11)
        at run (/home/lucas/projects/active/daily_use/project-manager/backend/node_modules/jest-circus/build/jestAdapterInit.js:757:3)
        at runAndTransformResultsToJestFormat (/home/lucas/projects/active/daily_use/project-manager/backend/node_modules/jest-circus/build/jestAdapterInit.js:1917:21)
        at jestAdapter (/home/lucas/projects/active/daily_use/project-manager/backend/node_modules/jest-circus/build/runner.js:101:19)
        at runTestInternal (/home/lucas/projects/active/daily_use/project-manager/backend/node_modules/jest-runner/build/index.js:275:16)
        at runTest (/home/lucas/projects/active/daily_use/project-manager/backend/node_modules/jest-runner/build/index.js:343:7)

      24 |     });
      25 |   } catch (error) {
    > 26 |     console.error('Get notifications error:', error);
         |             ^
      27 |     res.status(500).json({ message: 'Server error fetching notifications' });
      28 |   }
      29 | });

      at src/routes/notifications.ts:26:13

PASS src/tests/notifications.test.ts
  Notification Routes
    GET /api/notifications
      ✓ should get user notifications with default pagination (550 ms)
      ✓ should get notifications with custom pagination and filters (303 ms)
      ✓ should require authentication (281 ms)
      ✓ should handle server errors (290 ms)
    PATCH /api/notifications/:id/read
      ✓ should mark notification as read (281 ms)
      ✓ should handle invalid notification ID (282 ms)
    PATCH /api/notifications/read-all
      ✓ should mark all notifications as read (287 ms)
    DELETE /api/notifications/:id
      ✓ should delete notification (281 ms)
      ✓ should handle notification not found (281 ms)

PASS src/tests/tutorial.test.ts
  Tutorial Routes
    GET /api/tutorial/steps
      ✓ should return all tutorial steps without authentication (117 ms)
    GET /api/tutorial/progress
      ✓ should return tutorial progress for authenticated user (354 ms)
      ✓ should require authentication (22 ms)
    PATCH /api/tutorial/progress
      ✓ should update tutorial progress (294 ms)
      ✓ should require currentStep and completedSteps (284 ms)
    POST /api/tutorial/complete
      ✓ should mark tutorial as completed (296 ms)
    PATCH /api/tutorial/skip
      ✓ should mark tutorial as skipped (286 ms)
    POST /api/tutorial/reset
      ✓ should reset tutorial progress (314 ms)

  console.log
    Password reset attempted for non-existent email: nonexistent@test.com

      at src/routes/auth.ts:795:15

PASS src/tests/password-reset.test.ts
  Password Reset Flow
    ✓ should complete full password reset flow (1611 ms)
    ✓ should reject invalid reset tokens (29 ms)
    ✓ should reject expired reset tokens (352 ms)
    ✓ should not reveal if email exists (enumeration prevention) (31 ms)

PASS src/tests/admin.test.ts
  Admin Routes
    GET /api/admin/users
      ✓ should get all users for admin (608 ms)
      ✓ should reject request without authentication (293 ms)
    Admin Authentication
      ✓ should require admin role (560 ms)

PASS src/tests/analytics.test.ts
  Analytics Routes
    POST /api/analytics/track
      ✓ should track analytics event (431 ms)
      ✓ should reject request without authentication (299 ms)
    GET /api/analytics/user/:userId
      ✓ should get user analytics data (314 ms)
      ✓ should require authentication (290 ms)

PASS src/tests/ideas.test.ts
  Ideas Routes
    GET /api/ideas
      ✓ should get user ideas (452 ms)
      ✓ should require authentication (304 ms)
    POST /api/ideas
      ✓ should create a new idea (299 ms)
      ✓ should validate required fields (279 ms)
      ✓ should require authentication (290 ms)

PASS src/tests/services/commandExecutor.test.ts
  commandExecutor
    ✓ should execute add todo command (140 ms)
    ✓ should execute view todos command (51 ms)
    ✓ should execute search command (13 ms)
    ✓ should execute help command (17 ms)
    ✓ should handle invalid commands (12 ms)
    ✓ should handle missing slash (15 ms)
    ✓ should execute view settings (12 ms)
    ✓ should execute view team (16 ms)
    ✓ should execute view stack (13 ms)
    ✓ should execute export command (16 ms)

  console.log
    [TODO ANALYTICS] Tracking todo create: {
      userId: '6913c8b294a102d3a4201480',
      projectId: '6913c8b294a102d3a4201481',
      priority: 'medium'
    }

      at TodoHandlers.handleAddTodo (src/services/handlers/crud/TodoHandlers.ts:171:15)

  console.log
    [TODO ANALYTICS] Track result: SUCCESS

      at TodoHandlers.handleAddTodo (src/services/handlers/crud/TodoHandlers.ts:188:15)

  console.log
    [TODO ANALYTICS] Tracking todo create: {
      userId: '6913c8b294a102d3a4201480',
      projectId: '6913c8b294a102d3a4201481',
      priority: 'high'
    }

      at TodoHandlers.handleAddTodo (src/services/handlers/crud/TodoHandlers.ts:171:15)

  console.log
    [TODO ANALYTICS] Track result: SUCCESS

      at TodoHandlers.handleAddTodo (src/services/handlers/crud/TodoHandlers.ts:188:15)

PASS src/tests/handlers/TodoHandlers.test.ts
  TodoHandlers
    handleAddTodo
      ✓ should add a todo with wizard when no args (44 ms)
      ✓ should add a simple todo with title only (64 ms)
      ✓ should add a todo with all fields (41 ms)
      ✓ should validate required title (9 ms)
    handleViewTodos
      ✓ should view all todos (8 ms)
      ✓ should return all todos without filtering (11 ms)
    handleEditTodo
      ✓ should edit todo title (7 ms)
      ✓ should edit todo status (8 ms)
      ✓ should return error when todo not found (10 ms)
    handleDeleteTodo
      ✓ should delete a todo with confirmation (13 ms)
      ✓ should return error when deleting non-existent todo (7 ms)
    handleCompleteTodo
      ✓ should complete a todo (18 ms)
    handleAssignTodo
      ✓ should require correct args format (8 ms)

  console.error
    Error checking team member limit: CastError: Cast to ObjectId failed for value "project123" (type string) at path "projectId" for model "TeamMember"
        at ObjectId.cast (/home/lucas/projects/active/daily_use/project-manager/backend/node_modules/mongoose/lib/schema/objectid.js:250:11)
        at ObjectId.SchemaType.applySetters (/home/lucas/projects/active/daily_use/project-manager/backend/node_modules/mongoose/lib/schematype.js:1219:12)
        at ObjectId.SchemaType.castForQuery (/home/lucas/projects/active/daily_use/project-manager/backend/node_modules/mongoose/lib/schematype.js:1633:15)
        at cast (/home/lucas/projects/active/daily_use/project-manager/backend/node_modules/mongoose/lib/cast.js:389:32)
        at model.Query.Query.cast (/home/lucas/projects/active/daily_use/project-manager/backend/node_modules/mongoose/lib/query.js:4927:12)
        at model.Query._countDocuments (/home/lucas/projects/active/daily_use/project-manager/backend/node_modules/mongoose/lib/query.js:2659:10)
        at model.Query.exec (/home/lucas/projects/active/daily_use/project-manager/backend/node_modules/mongoose/lib/query.js:4447:28)
        at processTicksAndRejections (node:internal/process/task_queues:105:5)
        at checkTeamMemberLimit (/home/lucas/projects/active/daily_use/project-manager/backend/src/middleware/planLimits.ts:86:32)
        at Object.<anonymous> (/home/lucas/projects/active/daily_use/project-manager/backend/src/tests/middleware/planLimits.test.ts:126:7) {
      stringValue: '"project123"',
      messageFormat: undefined,
      kind: 'ObjectId',
      value: 'project123',
      path: 'projectId',
      reason: BSONError: Argument passed in must be a string of 12 bytes or a string of 24 hex characters or an integer
          at new ObjectId (/home/lucas/projects/active/daily_use/project-manager/backend/node_modules/bson/src/objectid.ts:88:15)
          at castObjectId (/home/lucas/projects/active/daily_use/project-manager/backend/node_modules/mongoose/lib/cast/objectid.js:25:12)
          at ObjectId.cast (/home/lucas/projects/active/daily_use/project-manager/backend/node_modules/mongoose/lib/schema/objectid.js:248:12)
          at ObjectId.SchemaType.applySetters (/home/lucas/projects/active/daily_use/project-manager/backend/node_modules/mongoose/lib/schematype.js:1219:12)
          at ObjectId.SchemaType.castForQuery (/home/lucas/projects/active/daily_use/project-manager/backend/node_modules/mongoose/lib/schematype.js:1633:15)
          at cast (/home/lucas/projects/active/daily_use/project-manager/backend/node_modules/mongoose/lib/cast.js:389:32)
          at model.Query.Query.cast (/home/lucas/projects/active/daily_use/project-manager/backend/node_modules/mongoose/lib/query.js:4927:12)
          at model.Query._countDocuments (/home/lucas/projects/active/daily_use/project-manager/backend/node_modules/mongoose/lib/query.js:2659:10)
          at model.Query.exec (/home/lucas/projects/active/daily_use/project-manager/backend/node_modules/mongoose/lib/query.js:4447:28)
          at processTicksAndRejections (node:internal/process/task_queues:105:5)
          at checkTeamMemberLimit (/home/lucas/projects/active/daily_use/project-manager/backend/src/middleware/planLimits.ts:86:32)
          at Object.<anonymous> (/home/lucas/projects/active/daily_use/project-manager/backend/src/tests/middleware/planLimits.test.ts:126:7),
      valueType: 'string',
      model: Model { TeamMember }
    }

       98 |     next();
       99 |   } catch (error) {
    > 100 |     console.error('Error checking team member limit:', error);
          |             ^
      101 |     res.status(500).json({ error: 'Failed to check team member limits' });
      102 |   }
      103 | };

      at checkTeamMemberLimit (src/middleware/planLimits.ts:100:13)
      at Object.<anonymous> (src/tests/middleware/planLimits.test.ts:126:7)

PASS src/tests/middleware/planLimits.test.ts
  planLimits middleware
    checkProjectLimit
      ✓ should allow project creation within limit (18 ms)
      ✓ should block project creation when limit reached (6 ms)
      ✓ should allow unlimited projects for enterprise users (6 ms)
      ✓ should bypass limits for admin users (6 ms)
    checkTeamMemberLimit
      ✓ should allow adding team member within limit (75 ms)
      ✓ should bypass limits for admin project owners (3 ms)
      ✓ should return 404 if project not found (4 ms)

PASS src/tests/handlers/ComponentHandlers.test.ts
  ComponentHandlers
    handleAddComponent
      ✓ should trigger wizard when no args or flags (47 ms)
      ✓ should add a component with all fields (65 ms)
      ✓ should reject old separator syntax (18 ms)
      ✓ should validate required fields (18 ms)
      ✓ should add frontend component (19 ms)
    handleViewComponents
      ✓ should view all components (8 ms)
      ✓ should return all components grouped by feature (8 ms)
    handleEditComponent
      ✓ should edit component title (9 ms)
      ✓ should edit component content (11 ms)
      ✓ should edit multiple fields at once (7 ms)
      ✓ should return error when component not found (8 ms)
    handleDeleteComponent
      ✓ should delete a component with confirmation (18 ms)
      ✓ should return error when deleting non-existent component (7 ms)

PASS src/tests/services/reminderService.test.ts
  ReminderService
    getInstance
      ✓ should return singleton instance (1 ms)
    initialize
      ✓ should initialize cron jobs (1 ms)
      ✓ should not initialize twice (1 ms)

PASS src/tests/handlers/NoteHandlers.test.ts
  NoteHandlers
    handleAddNote
      ✓ should add a note with title and content (85 ms)
      ✓ should show wizard when no args or flags (36 ms)
    handleViewNotes
      ✓ should view all notes (21 ms)
    handleEditNote
      ✓ should edit note title (14 ms)
    handleDeleteNote
      ✓ should delete a note with confirmation (31 ms)

PASS src/tests/handlers/DevLogHandlers.test.ts
  DevLogHandlers
    handleAddDevLog
      ✓ should add a devlog with content (75 ms)
      ✓ should show wizard when no content provided (32 ms)
    handleViewDevLog
      ✓ should view all devlogs (22 ms)
    handleEditDevLog
      ✓ should edit devlog content (17 ms)
    handleDeleteDevLog
      ✓ should delete a devlog with confirmation (15 ms)

  console.error
    ValidationError: Custom keyGenerator appears to use request IP without calling the ipKeyGenerator helper function for IPv6 addresses. This could allow IPv6 users to bypass limits. See https://express-rate-limit.github.io/ERR_ERL_KEY_GEN_IPV6/ for more information.
        at Object.keyGeneratorIpFallback (/home/lucas/projects/active/daily_use/project-manager/backend/node_modules/express-rate-limit/dist/index.cjs:578:13)
        at Object.wrappedValidations.<computed> [as keyGeneratorIpFallback] (/home/lucas/projects/active/daily_use/project-manager/backend/node_modules/express-rate-limit/dist/index.cjs:606:22)
        at parseOptions (/home/lucas/projects/active/daily_use/project-manager/backend/node_modules/express-rate-limit/dist/index.cjs:675:16)
        at rateLimit (/home/lucas/projects/active/daily_use/project-manager/backend/node_modules/express-rate-limit/dist/index.cjs:753:18)
        at Object.<anonymous> (/home/lucas/projects/active/daily_use/project-manager/backend/src/middleware/commandSecurity.ts:11:50)
        at Runtime._execModule (/home/lucas/projects/active/daily_use/project-manager/backend/node_modules/jest-runtime/build/index.js:1268:24)
        at Runtime._loadModule (/home/lucas/projects/active/daily_use/project-manager/backend/node_modules/jest-runtime/build/index.js:944:12)
        at Runtime.requireModule (/home/lucas/projects/active/daily_use/project-manager/backend/node_modules/jest-runtime/build/index.js:832:12)
        at Runtime.requireModuleOrMock (/home/lucas/projects/active/daily_use/project-manager/backend/node_modules/jest-runtime/build/index.js:964:21)
        at Object.<anonymous> (/home/lucas/projects/active/daily_use/project-manager/backend/src/tests/middleware/commandSecurity.test.ts:2:1)
        at Runtime._execModule (/home/lucas/projects/active/daily_use/project-manager/backend/node_modules/jest-runtime/build/index.js:1268:24)
        at Runtime._loadModule (/home/lucas/projects/active/daily_use/project-manager/backend/node_modules/jest-runtime/build/index.js:944:12)
        at Runtime.requireModule (/home/lucas/projects/active/daily_use/project-manager/backend/node_modules/jest-runtime/build/index.js:832:12)
        at jestAdapter (/home/lucas/projects/active/daily_use/project-manager/backend/node_modules/jest-circus/build/runner.js:95:13)
        at runTestInternal (/home/lucas/projects/active/daily_use/project-manager/backend/node_modules/jest-runner/build/index.js:275:16)
        at runTest (/home/lucas/projects/active/daily_use/project-manager/backend/node_modules/jest-runner/build/index.js:343:7) {
      code: 'ERR_ERL_KEY_GEN_IPV6',
      help: 'https://express-rate-limit.github.io/ERR_ERL_KEY_GEN_IPV6/'
    }

       9 |  * Stricter than normal API rate limits to prevent abuse
      10 |  */
    > 11 | export const terminalCommandRateLimit = rateLimit({
         |                                                  ^
      12 |   windowMs: 1 * 60 * 1000, // 1 minute
      13 |   max: 20, // 20 commands per minute per user
      14 |   standardHeaders: true,

      at Object.wrappedValidations.<computed> [as keyGeneratorIpFallback] (node_modules/express-rate-limit/dist/index.cjs:612:24)
      at parseOptions (node_modules/express-rate-limit/dist/index.cjs:675:16)
      at rateLimit (node_modules/express-rate-limit/dist/index.cjs:753:18)
      at Object.<anonymous> (src/middleware/commandSecurity.ts:11:50)
      at Object.<anonymous> (src/tests/middleware/commandSecurity.test.ts:2:1)

  console.error
    ValidationError: Custom keyGenerator appears to use request IP without calling the ipKeyGenerator helper function for IPv6 addresses. This could allow IPv6 users to bypass limits. See https://express-rate-limit.github.io/ERR_ERL_KEY_GEN_IPV6/ for more information.
        at Object.keyGeneratorIpFallback (/home/lucas/projects/active/daily_use/project-manager/backend/node_modules/express-rate-limit/dist/index.cjs:578:13)
        at Object.wrappedValidations.<computed> [as keyGeneratorIpFallback] (/home/lucas/projects/active/daily_use/project-manager/backend/node_modules/express-rate-limit/dist/index.cjs:606:22)
        at parseOptions (/home/lucas/projects/active/daily_use/project-manager/backend/node_modules/express-rate-limit/dist/index.cjs:675:16)
        at rateLimit (/home/lucas/projects/active/daily_use/project-manager/backend/node_modules/express-rate-limit/dist/index.cjs:753:18)
        at Object.<anonymous> (/home/lucas/projects/active/daily_use/project-manager/backend/src/middleware/commandSecurity.ts:47:54)
        at Runtime._execModule (/home/lucas/projects/active/daily_use/project-manager/backend/node_modules/jest-runtime/build/index.js:1268:24)
        at Runtime._loadModule (/home/lucas/projects/active/daily_use/project-manager/backend/node_modules/jest-runtime/build/index.js:944:12)
        at Runtime.requireModule (/home/lucas/projects/active/daily_use/project-manager/backend/node_modules/jest-runtime/build/index.js:832:12)
        at Runtime.requireModuleOrMock (/home/lucas/projects/active/daily_use/project-manager/backend/node_modules/jest-runtime/build/index.js:964:21)
        at Object.<anonymous> (/home/lucas/projects/active/daily_use/project-manager/backend/src/tests/middleware/commandSecurity.test.ts:2:1)
        at Runtime._execModule (/home/lucas/projects/active/daily_use/project-manager/backend/node_modules/jest-runtime/build/index.js:1268:24)
        at Runtime._loadModule (/home/lucas/projects/active/daily_use/project-manager/backend/node_modules/jest-runtime/build/index.js:944:12)
        at Runtime.requireModule (/home/lucas/projects/active/daily_use/project-manager/backend/node_modules/jest-runtime/build/index.js:832:12)
        at jestAdapter (/home/lucas/projects/active/daily_use/project-manager/backend/node_modules/jest-circus/build/runner.js:95:13)
        at runTestInternal (/home/lucas/projects/active/daily_use/project-manager/backend/node_modules/jest-runner/build/index.js:275:16)
        at runTest (/home/lucas/projects/active/daily_use/project-manager/backend/node_modules/jest-runner/build/index.js:343:7) {
      code: 'ERR_ERL_KEY_GEN_IPV6',
      help: 'https://express-rate-limit.github.io/ERR_ERL_KEY_GEN_IPV6/'
    }

      45 |  * More lenient than command execution
      46 |  */
    > 47 | export const terminalSuggestionsRateLimit = rateLimit({
         |                                                      ^
      48 |   windowMs: 1 * 60 * 1000, // 1 minute
      49 |   max: 60, // 60 requests per minute
      50 |   standardHeaders: true,

      at Object.wrappedValidations.<computed> [as keyGeneratorIpFallback] (node_modules/express-rate-limit/dist/index.cjs:612:24)
      at parseOptions (node_modules/express-rate-limit/dist/index.cjs:675:16)
      at rateLimit (node_modules/express-rate-limit/dist/index.cjs:753:18)
      at Object.<anonymous> (src/middleware/commandSecurity.ts:47:54)
      at Object.<anonymous> (src/tests/middleware/commandSecurity.test.ts:2:1)

PASS src/tests/middleware/commandSecurity.test.ts
  commandSecurity middleware
    validateCommandFormat
      ✓ should allow valid commands starting with / (1 ms)
      ✓ should reject commands not starting with / (1 ms)
      ✓ should reject missing command (1 ms)
    sanitizeCommand
      ✓ should allow safe commands (2 ms)
      ✓ should block commands with script tags (12 ms)
      ✓ should block commands with eval (2 ms)
      ✓ should reject commands that are too long (1 ms)
    logCommandExecution
      ✓ should log command and call next (2 ms)

PASS src/tests/health.test.ts
  Health Check Routes
    GET /api/health
      ✓ should return health status (54 ms)
      ✓ should return valid timestamp format (32 ms)
      ✓ should include environment info (20 ms)
    GET /api/ready
      ✓ should return ready status when database is connected (25 ms)
      ✓ should return valid timestamp format (16 ms)
      ✓ should verify database connectivity (12 ms)
      ✓ should include uptime in response (14 ms)
    GET /api/live
      ✓ should return alive status (12 ms)
      ✓ should return valid timestamp format (13 ms)
      ✓ should always succeed when server is running (23 ms)
    Health Check Integration
      ✓ should have consistent timestamps across health endpoints (24 ms)
      ✓ should have consistent uptime values (16 ms)

PASS src/tests/middleware/validation.test.ts
  Validation Middleware
    Helper Functions
      sanitizeString
        ✓ should trim whitespace (2 ms)
        ✓ should remove null bytes (1 ms)
        ✓ should remove control characters (1 ms)
        ✓ should remove HTML tags (10 ms)
        ✓ should return empty string for non-string input (1 ms)
        ✓ should handle empty strings (3 ms)
      isValidEmail
        ✓ should accept valid email addresses (1 ms)
        ✓ should reject invalid email addresses (6 ms)
        ✓ should handle case insensitivity (2 ms)
      isStrongPassword
        ✓ should accept strong passwords (1 ms)
        ✓ should reject passwords without uppercase (1 ms)
        ✓ should reject passwords without lowercase (1 ms)
        ✓ should reject passwords without numbers (1 ms)
        ✓ should reject passwords without special characters (1 ms)
        ✓ should reject passwords shorter than 12 characters (1 ms)
      isValidObjectId
        ✓ should accept valid MongoDB ObjectIds (1 ms)
        ✓ should reject invalid ObjectIds (1 ms)
    validateUserRegistration
      ✓ should accept valid registration data (2 ms)
      ✓ should reject missing email (1 ms)
      ✓ should reject missing password (1 ms)
      ✓ should reject invalid email format (2 ms)
      ✓ should reject weak passwords (1 ms)
      ✓ should reject firstName that is too long (2 ms)
      ✓ should sanitize and lowercase email (1 ms)
      ✓ should set default theme to retro (1 ms)
      ✓ should handle validation errors gracefully (5 ms)
    validateUserLogin
      ✓ should accept valid login data (1 ms)
      ✓ should reject missing email (1 ms)
      ✓ should reject missing password (1 ms)
      ✓ should reject invalid email format (1 ms)
      ✓ should sanitize and lowercase email (1 ms)
      ✓ should reject non-string passwords (1 ms)
      ✓ should handle validation errors gracefully (1 ms)
    validatePasswordReset
      ✓ should accept valid forgot-password request (2 ms)
      ✓ should accept valid reset-password request (1 ms)
      ✓ should reject forgot-password without email (1 ms)
      ✓ should reject reset-password without token (1 ms)
      ✓ should reject weak password in reset (1 ms)
      ✓ should handle validation errors gracefully (1 ms)
    validateObjectId
      ✓ should accept valid ObjectId (1 ms)
      ✓ should reject invalid ObjectId (1 ms)
      ✓ should reject missing ObjectId (1 ms)
      ✓ should work with custom parameter names
      ✓ should handle validation errors gracefully (1 ms)
    validateProjectData
      ✓ should accept valid project creation data (5 ms)
      ✓ should reject POST without name (1 ms)
      ✓ should accept PUT without all fields (1 ms)
      ✓ should reject name that is too long (1 ms)
      ✓ should reject description that is too long (1 ms)
      ✓ should sanitize tags and limit to 10 (1 ms)
      ✓ should filter out tags that are too long (1 ms)
      ✓ should handle validation errors gracefully (1 ms)
    sanitizeBody
      ✓ should sanitize all string fields in body (3 ms)
      ✓ should handle empty body (1 ms)
      ✓ should handle null body (1 ms)
      ✓ should handle sanitization errors gracefully (1 ms)

PASS src/tests/base.test.ts
  BaseRouter
    Route Configuration
      ✓ should register GET routes (19 ms)
      ✓ should register POST routes (10 ms)
      ✓ should register PUT routes (10 ms)
      ✓ should register PATCH routes (8 ms)
      ✓ should register DELETE routes (6 ms)
    Authentication Middleware
      ✓ should require authentication by default (9 ms)
      ✓ should allow access with valid token (7 ms)
      ✓ should skip auth when requireAuth is false (6 ms)
    Custom Middleware
      ✓ should execute custom middleware before handler (11 ms)
      ✓ should call handler when custom middleware passes (6 ms)
    Response Helpers
      sendSuccess
        ✓ should send success response with data (6 ms)
        ✓ should include custom data in response (8 ms)
      sendError
        ✓ should send error response with custom status code (6 ms)
        ✓ should default to 400 status code (1 ms)
    Async Error Handling
      ✓ should catch and handle async errors (6 ms)
      ✓ should handle synchronous handlers without errors (11 ms)
    Base Path Handling
      ✓ should correctly prefix routes with base path (6 ms)
      ✓ should return 404 for routes without base path (8 ms)
    Router Instance
      ✓ should return Express Router instance (1 ms)

PASS src/tests/services/commandParser.test.ts
  CommandParser
    parse
      ✓ should parse add todo command (3 ms)
      ✓ should parse flags (2 ms)
      ✓ should parse project mentions (1 ms)
      ✓ should handle quoted strings (2 ms)
      ✓ should error on missing leading slash
      ✓ should parse view commands (1 ms)
      ✓ should parse edit commands (2 ms)
      ✓ should parse delete commands (1 ms)
      ✓ should parse search command (1 ms)
      ✓ should parse help command (5 ms)
      ✓ should handle unknown commands (1 ms)
      ✓ should parse boolean flags (1 ms)
      ✓ should parse multiple args (2 ms)
      ✓ should handle escaped quotes (1 ms)
      ✓ should parse add component (2 ms)
      ✓ should parse add devlog (2 ms)
      ✓ should parse view stack (2 ms)
      ✓ should parse team commands (1 ms)
      ✓ should parse invite command (1 ms)
      ✓ should parse settings commands (2 ms)
      ✓ should parse set name (1 ms)
      ✓ should parse add tag (1 ms)
      ✓ should parse complete todo (7 ms)
      ✓ should parse assign todo (2 ms)
      ✓ should parse relationship commands (2 ms)
      ✓ should parse export command (2 ms)
      ✓ should parse summary command (1 ms)
    helper functions
      ✓ should get flag from Map (1 ms)
      ✓ should get flag from Record (1 ms)
      ✓ should get flag count from Map (1 ms)
      ✓ should get flag count from Record (1 ms)
      ✓ should check flag existence in Map (1 ms)
      ✓ should check flag existence in Record (1 ms)

PASS src/tests/middleware/requestLogger.test.ts
  Request Logger Middleware
    requestLogger
      ✓ should log incoming request (2 ms)
      ✓ should use userId when available (2 ms)
      ✓ should use user._id when userId not available (1 ms)
      ✓ should generate request ID when not provided (2 ms)
      ✓ should use connection.remoteAddress when ip not available (2 ms)
      ✓ should log successful response (2xx) (5 ms)
      ✓ should log client error response (4xx) (10 ms)
      ✓ should log server error response (5xx) (2 ms)
      ✓ should measure request duration (13 ms)
      ✓ should call original res.end with arguments (2 ms)
      ✓ should handle missing headers gracefully (1 ms)
      ✓ should handle different HTTP methods (3 ms)
    authLogger
      ✓ should log authentication event (1 ms)
      ✓ should include userId when available (1 ms)
      ✓ should include user email when available (2 ms)
      ✓ should include additional context when provided (1 ms)
      ✓ should use connection.remoteAddress when ip not available (1 ms)
      ✓ should handle different authentication actions (1 ms)
      ✓ should handle missing request data gracefully (1 ms)
    businessLogger
      ✓ should log business operation (1 ms)
      ✓ should include all context fields (1 ms)
      ✓ should handle empty context (2 ms)
      ✓ should handle different operation types (2 ms)
      ✓ should handle complex context objects (2 ms)
    Integration
      ✓ should work together for authenticated request flow (9 ms)

FAIL src/tests/services/cleanupService.test.ts
  ● Test suite failed to run

    [96msrc/tests/services/cleanupService.test.ts[0m:[93m43[0m:[93m27[0m - [91merror[0m[90m TS2540: [0mCannot assign to 'db' because it is a read-only property.

    [7m43[0m       mongoose.connection.db = {
    [7m  [0m [91m                          ~~[0m
    [96msrc/tests/services/cleanupService.test.ts[0m:[93m110[0m:[93m21[0m - [91merror[0m[90m TS2339: [0mProperty 'expired' does not exist on type '{ markedExpired: number; message: string; }'.

    [7m110[0m       expect(result.expired).toBe(10);
    [7m   [0m [91m                    ~~~~~~~[0m
    [96msrc/tests/services/cleanupService.test.ts[0m:[93m111[0m:[93m21[0m - [91merror[0m[90m TS2339: [0mProperty 'deleted' does not exist on type '{ markedExpired: number; message: string; }'.

    [7m111[0m       expect(result.deleted).toBe(5);
    [7m   [0m [91m                    ~~~~~~~[0m

FAIL src/tests/handlers/UtilityHandlers.test.ts
  ● Test suite failed to run

    [96msrc/tests/handlers/UtilityHandlers.test.ts[0m:[93m32[0m:[93m45[0m - [91merror[0m[90m TS2554: [0mExpected 1 arguments, but got 2.

    [7m32[0m     handler = new UtilityHandlers(mockUser, mockProject);
    [7m  [0m [91m                                            ~~~~~~~~~~~[0m
    [96msrc/tests/handlers/UtilityHandlers.test.ts[0m:[93m54[0m:[93m30[0m - [91merror[0m[90m TS2554: [0mExpected 1-2 arguments, but got 0.

    [7m54[0m       const result = handler.handleLLMContext();
    [7m  [0m [91m                             ~~~~~~~~~~~~~~~~[0m

      [96msrc/services/handlers/UtilityHandlers.ts[0m:[93m1768[0m:[93m26[0m
        [7m1768[0m   async handleLLMContext(parsed: ParsedCommand, currentProjectId?: string): Promise<CommandResponse> {
        [7m    [0m [96m                         ~~~~~~~~~~~~~~~~~~~~~[0m
        An argument for 'parsed' was not provided.
    [96msrc/tests/handlers/UtilityHandlers.test.ts[0m:[93m56[0m:[93m21[0m - [91merror[0m[90m TS2339: [0mProperty 'type' does not exist on type 'Promise<CommandResponse>'.

    [7m56[0m       expect(result.type).toBe('info');
    [7m  [0m [91m                    ~~~~[0m

      [96msrc/tests/handlers/UtilityHandlers.test.ts[0m:[93m56[0m:[93m21[0m
        [7m56[0m       expect(result.type).toBe('info');
        [7m  [0m [96m                    ~~~~[0m
        Did you forget to use 'await'?
    [96msrc/tests/handlers/UtilityHandlers.test.ts[0m:[93m57[0m:[93m21[0m - [91merror[0m[90m TS2339: [0mProperty 'data' does not exist on type 'Promise<CommandResponse>'.

    [7m57[0m       expect(result.data).toBeDefined();
    [7m  [0m [91m                    ~~~~[0m

      [96msrc/tests/handlers/UtilityHandlers.test.ts[0m:[93m57[0m:[93m21[0m
        [7m57[0m       expect(result.data).toBeDefined();
        [7m  [0m [96m                    ~~~~[0m
        Did you forget to use 'await'?

FAIL src/tests/stripe-webhooks.test.ts
  ● Test suite failed to run

    [96msrc/tests/stripe-webhooks.test.ts[0m:[93m324[0m:[93m23[0m - [91merror[0m[90m TS2304: [0mCannot find name 'express'.

    [7m324[0m       const testApp = express();
    [7m   [0m [91m                      ~~~~~~~[0m
    [96msrc/tests/stripe-webhooks.test.ts[0m:[93m325[0m:[93m19[0m - [91merror[0m[90m TS2304: [0mCannot find name 'express'.

    [7m325[0m       testApp.use(express.json());
    [7m   [0m [91m                  ~~~~~~~[0m

FAIL src/tests/invitations.test.ts
  ● Test suite failed to run

    [96msrc/tests/invitations.test.ts[0m:[93m35[0m:[93m38[0m - [91merror[0m[90m TS2339: [0mProperty 'randomBytes' does not exist on type 'Crypto'.

    [7m35[0m       const invitationToken = crypto.randomBytes(32).toString('hex');
    [7m  [0m [91m                                     ~~~~~~~~~~~[0m
    [96msrc/tests/invitations.test.ts[0m:[93m86[0m:[93m23[0m - [91merror[0m[90m TS2339: [0mProperty 'randomBytes' does not exist on type 'Crypto'.

    [7m86[0m         token: crypto.randomBytes(32).toString('hex'),
    [7m  [0m [91m                      ~~~~~~~~~~~[0m
    [96msrc/tests/invitations.test.ts[0m:[93m117[0m:[93m38[0m - [91merror[0m[90m TS2339: [0mProperty 'randomBytes' does not exist on type 'Crypto'.

    [7m117[0m       const invitationToken = crypto.randomBytes(32).toString('hex');
    [7m   [0m [91m                                     ~~~~~~~~~~~[0m
    [96msrc/tests/invitations.test.ts[0m:[93m138[0m:[93m32[0m - [91merror[0m[90m TS2552: [0mCannot find name 'TeamMember'. Did you mean 'teamMember'?

    [7m138[0m       const teamMember = await TeamMember.findOne({
    [7m   [0m [91m                               ~~~~~~~~~~[0m

      [96msrc/tests/invitations.test.ts[0m:[93m138[0m:[93m13[0m
        [7m138[0m       const teamMember = await TeamMember.findOne({
        [7m   [0m [96m            ~~~~~~~~~~[0m
        'teamMember' is declared here.
    [96msrc/tests/invitations.test.ts[0m:[93m163[0m:[93m38[0m - [91merror[0m[90m TS2339: [0mProperty 'randomBytes' does not exist on type 'Crypto'.

    [7m163[0m       const invitationToken = crypto.randomBytes(32).toString('hex');
    [7m   [0m [91m                                     ~~~~~~~~~~~[0m
    [96msrc/tests/invitations.test.ts[0m:[93m192[0m:[93m38[0m - [91merror[0m[90m TS2339: [0mProperty 'randomBytes' does not exist on type 'Crypto'.

    [7m192[0m       const invitationToken = crypto.randomBytes(32).toString('hex');
    [7m   [0m [91m                                     ~~~~~~~~~~~[0m
    [96msrc/tests/invitations.test.ts[0m:[93m220[0m:[93m13[0m - [91merror[0m[90m TS2304: [0mCannot find name 'TeamMember'.

    [7m220[0m       await TeamMember.create({
    [7m   [0m [91m            ~~~~~~~~~~[0m
    [96msrc/tests/invitations.test.ts[0m:[93m227[0m:[93m38[0m - [91merror[0m[90m TS2339: [0mProperty 'randomBytes' does not exist on type 'Crypto'.

    [7m227[0m       const invitationToken = crypto.randomBytes(32).toString('hex');
    [7m   [0m [91m                                     ~~~~~~~~~~~[0m
    [96msrc/tests/invitations.test.ts[0m:[93m264[0m:[93m38[0m - [91merror[0m[90m TS2339: [0mProperty 'randomBytes' does not exist on type 'Crypto'.

    [7m264[0m       const invitationToken = crypto.randomBytes(32).toString('hex');
    [7m   [0m [91m                                     ~~~~~~~~~~~[0m
    [96msrc/tests/invitations.test.ts[0m:[93m287[0m:[93m32[0m - [91merror[0m[90m TS2552: [0mCannot find name 'TeamMember'. Did you mean 'teamMember'?

    [7m287[0m       const teamMember = await TeamMember.findOne({
    [7m   [0m [91m                               ~~~~~~~~~~[0m

      [96msrc/tests/invitations.test.ts[0m:[93m287[0m:[93m13[0m
        [7m287[0m       const teamMember = await TeamMember.findOne({
        [7m   [0m [96m            ~~~~~~~~~~[0m
        'teamMember' is declared here.
    [96msrc/tests/invitations.test.ts[0m:[93m306[0m:[93m38[0m - [91merror[0m[90m TS2339: [0mProperty 'randomBytes' does not exist on type 'Crypto'.

    [7m306[0m       const invitationToken = crypto.randomBytes(32).toString('hex');
    [7m   [0m [91m                                     ~~~~~~~~~~~[0m
    [96msrc/tests/invitations.test.ts[0m:[93m343[0m:[93m38[0m - [91merror[0m[90m TS2339: [0mProperty 'randomBytes' does not exist on type 'Crypto'.

    [7m343[0m       const invitationToken = crypto.randomBytes(32).toString('hex');
    [7m   [0m [91m                                     ~~~~~~~~~~~[0m
    [96msrc/tests/invitations.test.ts[0m:[93m383[0m:[93m38[0m - [91merror[0m[90m TS2339: [0mProperty 'randomBytes' does not exist on type 'Crypto'.

    [7m383[0m       const invitationToken = crypto.randomBytes(32).toString('hex');
    [7m   [0m [91m                                     ~~~~~~~~~~~[0m

Summary of all failing tests
FAIL src/tests/projects.test.ts (11.213 s)
  ● Project CRUD Operations › DELETE /api/projects/:id › should delete project successfully

    expected 200 "OK", got 403 "Forbidden"

      260 |         .delete(`/api/projects/${projectId}`)
      261 |         .set('Cookie', `token=${authToken}`)
    > 262 |         .expect(200);
          |          ^
      263 |
      264 |       expect(response.body).toHaveProperty('message', 'Project deleted successfully');
      265 |

      at Object.<anonymous> (src/tests/projects.test.ts:262:10)
      ----
      at Test._assertStatus (node_modules/supertest/lib/test.js:309:14)
      at node_modules/supertest/lib/test.js:365:13
      at Test._assertFunction (node_modules/supertest/lib/test.js:342:13)
      at Test.assert (node_modules/supertest/lib/test.js:195:23)
      at localAssert (node_modules/supertest/lib/test.js:138:14)
      at Server.<anonymous> (node_modules/supertest/lib/test.js:152:11)

  ● Project CRUD Operations › DELETE /api/projects/:id › should reject deletion for non-existent project

    expected 404 "Not Found", got 403 "Forbidden"

      274 |         .delete(`/api/projects/${fakeId}`)
      275 |         .set('Cookie', `token=${authToken}`)
    > 276 |         .expect(404);
          |          ^
      277 |
      278 |       expect(response.body).toHaveProperty('message', 'Project not found');
      279 |     });

      at Object.<anonymous> (src/tests/projects.test.ts:276:10)
      ----
      at Test._assertStatus (node_modules/supertest/lib/test.js:309:14)
      at node_modules/supertest/lib/test.js:365:13
      at Test._assertFunction (node_modules/supertest/lib/test.js:342:13)
      at Test.assert (node_modules/supertest/lib/test.js:195:23)
      at localAssert (node_modules/supertest/lib/test.js:138:14)
      at Server.<anonymous> (node_modules/supertest/lib/test.js:152:11)

  ● Project CRUD Operations › Project Access Control › should deny access to other user's project

    expected 403 "Forbidden", got 200 "OK"

      370 |         .get(`/api/projects/${projectId}`)
      371 |         .set('Cookie', `token=${otherUserToken}`)
    > 372 |         .expect(403);
          |          ^
      373 |
      374 |       expect(response.body).toHaveProperty('message');
      375 |       expect(response.body.message).toContain('Access denied');

      at Object.<anonymous> (src/tests/projects.test.ts:372:10)
      ----
      at Test._assertStatus (node_modules/supertest/lib/test.js:309:14)
      at node_modules/supertest/lib/test.js:365:13
      at Test._assertFunction (node_modules/supertest/lib/test.js:342:13)
      at Test.assert (node_modules/supertest/lib/test.js:195:23)
      at localAssert (node_modules/supertest/lib/test.js:138:14)
      at Server.<anonymous> (node_modules/supertest/lib/test.js:152:11)

  ● Project CRUD Operations › Project Access Control › should deny update access to other user's project

    expected 403 "Forbidden", got 200 "OK"

      385 |         .set('Cookie', `token=${otherUserToken}`)
      386 |         .send(updateData)
    > 387 |         .expect(403);
          |          ^
      388 |
      389 |       expect(response.body).toHaveProperty('message');
      390 |       expect(response.body.message).toContain('Access denied');

      at Object.<anonymous> (src/tests/projects.test.ts:387:10)
      ----
      at Test._assertStatus (node_modules/supertest/lib/test.js:309:14)
      at node_modules/supertest/lib/test.js:365:13
      at Test._assertFunction (node_modules/supertest/lib/test.js:342:13)
      at Test.assert (node_modules/supertest/lib/test.js:195:23)
      at localAssert (node_modules/supertest/lib/test.js:138:14)
      at Server.<anonymous> (node_modules/supertest/lib/test.js:152:11)

  ● Project CRUD Operations › Project Access Control › should deny delete access to other user's project

    expect(received).toContain(expected) // indexOf

    Expected substring: "Access denied"
    Received string:    "Only project owner can delete the project"

      398 |
      399 |       expect(response.body).toHaveProperty('message');
    > 400 |       expect(response.body.message).toContain('Access denied');
          |                                     ^
      401 |     });
      402 |   });
      403 | });

      at Object.<anonymous> (src/tests/projects.test.ts:400:37)

FAIL src/tests/tickets.test.ts
  ● Ticket Routes › POST /api/tickets › should create a new support ticket

    MongoServerError: E11000 duplicate key error collection: test.users index: username_1 dup key: { username: "testuser" }

      at node_modules/mongodb/src/operations/insert.ts:85:25
      at node_modules/mongodb/src/operations/command.ts:173:14

  ● Ticket Routes › POST /api/tickets › should create ticket with default priority

    MongoServerError: E11000 duplicate key error collection: test.users index: username_1 dup key: { username: "testuser" }

      at node_modules/mongodb/src/operations/insert.ts:85:25
      at node_modules/mongodb/src/operations/command.ts:173:14

  ● Ticket Routes › POST /api/tickets › should validate required fields

    MongoServerError: E11000 duplicate key error collection: test.users index: username_1 dup key: { username: "testuser" }

      at node_modules/mongodb/src/operations/insert.ts:85:25
      at node_modules/mongodb/src/operations/command.ts:173:14

  ● Ticket Routes › POST /api/tickets › should validate category values

    MongoServerError: E11000 duplicate key error collection: test.users index: username_1 dup key: { username: "testuser" }

      at node_modules/mongodb/src/operations/insert.ts:85:25
      at node_modules/mongodb/src/operations/command.ts:173:14

  ● Ticket Routes › POST /api/tickets › should validate priority values

    MongoServerError: E11000 duplicate key error collection: test.users index: username_1 dup key: { username: "testuser" }

      at node_modules/mongodb/src/operations/insert.ts:85:25
      at node_modules/mongodb/src/operations/command.ts:173:14

  ● Ticket Routes › POST /api/tickets › should require authentication

    MongoServerError: E11000 duplicate key error collection: test.users index: username_1 dup key: { username: "testuser" }

      at node_modules/mongodb/src/operations/insert.ts:85:25
      at node_modules/mongodb/src/operations/command.ts:173:14

  ● Ticket Routes › GET /api/tickets › should get user tickets with pagination

    MongoServerError: E11000 duplicate key error collection: test.users index: username_1 dup key: { username: "testuser" }

      at node_modules/mongodb/src/operations/insert.ts:85:25
      at node_modules/mongodb/src/operations/command.ts:173:14

  ● Ticket Routes › GET /api/tickets › should filter tickets by status

    MongoServerError: E11000 duplicate key error collection: test.users index: username_1 dup key: { username: "testuser" }

      at node_modules/mongodb/src/operations/insert.ts:85:25
      at node_modules/mongodb/src/operations/command.ts:173:14

  ● Ticket Routes › GET /api/tickets › should support pagination

    MongoServerError: E11000 duplicate key error collection: test.users index: username_1 dup key: { username: "testuser" }

      at node_modules/mongodb/src/operations/insert.ts:85:25
      at node_modules/mongodb/src/operations/command.ts:173:14

  ● Ticket Routes › GET /api/tickets › should only return user own tickets

    MongoServerError: E11000 duplicate key error collection: test.users index: username_1 dup key: { username: "testuser" }

      at node_modules/mongodb/src/operations/insert.ts:85:25
      at node_modules/mongodb/src/operations/command.ts:173:14

  ● Ticket Routes › GET /api/tickets/:ticketId › should get specific ticket

    MongoServerError: E11000 duplicate key error collection: test.users index: username_1 dup key: { username: "testuser" }

      at node_modules/mongodb/src/operations/insert.ts:85:25
      at node_modules/mongodb/src/operations/command.ts:173:14

  ● Ticket Routes › GET /api/tickets/:ticketId › should return 404 for non-existent ticket

    MongoServerError: E11000 duplicate key error collection: test.users index: username_1 dup key: { username: "testuser" }

      at node_modules/mongodb/src/operations/insert.ts:85:25
      at node_modules/mongodb/src/operations/command.ts:173:14

  ● Ticket Routes › GET /api/tickets/:ticketId › should not allow access to other users tickets

    MongoServerError: E11000 duplicate key error collection: test.users index: username_1 dup key: { username: "testuser" }

      at node_modules/mongodb/src/operations/insert.ts:85:25
      at node_modules/mongodb/src/operations/command.ts:173:14

FAIL src/tests/integration-auth-flow.test.ts (5.488 s)
  ● Integration: Complete Auth Flow › Complete User Journey: Register → Login → Create Project → Access Project › should allow full user workflow

    expect(received).toBe(expected) // Object.is equality

    Expected: 200
    Received: 403

      142 |         .set('Cookie', authCookie!);
      143 |
    > 144 |       expect(deleteProjectResponse.status).toBe(200);
          |                                            ^
      145 |       expect(deleteProjectResponse.body.message).toBe('Project deleted successfully');
      146 |
      147 |       // Verify project was deleted

      at Object.<anonymous> (src/tests/integration-auth-flow.test.ts:144:44)

  ● Integration: Complete Auth Flow › Complete User Journey: Register → Login → Create Project → Access Project › should support full project with todos workflow

    expect(received).toBe(expected) // Object.is equality

    Expected: 200
    Received: 400

      191 |         .send({ title: 'Test todo', priority: 'high' });
      192 |
    > 193 |       expect(todoResponse.status).toBe(200);
          |                                   ^
      194 |       expect(todoResponse.body.todo).toBeDefined();
      195 |       const todoId = todoResponse.body.todo.id;
      196 |

      at Object.<anonymous> (src/tests/integration-auth-flow.test.ts:193:35)

  ● Integration: Complete Auth Flow › Authentication Security Flow › should prevent access to other users projects

    expect(received).toBe(expected) // Object.is equality

    Expected: 403
    Received: 200

      307 |         .set('Cookie', secondCookie!);
      308 |
    > 309 |       expect(accessResponse.status).toBe(403); // Should deny access to different user's project
          |                                     ^
      310 |     });
      311 |   });
      312 |

      at Object.<anonymous> (src/tests/integration-auth-flow.test.ts:309:37)

FAIL src/tests/services/activityLogger.test.ts
  ● ActivityLogger Service › log › should include metadata

    ValidationError: ActivityLog validation failed: action: `todo_created` is not a valid enum value for path `action`.

      at model.Document.invalidate (node_modules/mongoose/lib/document.js:3219:32)
      at node_modules/mongoose/lib/document.js:3012:17
      at node_modules/mongoose/lib/schematype.js:1368:9

  ● ActivityLogger Service › getProjectActivities › should get activities for a project

    ValidationError: ActivityLog validation failed: action: `action_0` is not a valid enum value for path `action`.

      at model.Document.invalidate (node_modules/mongoose/lib/document.js:3219:32)
      at node_modules/mongoose/lib/document.js:3012:17
      at node_modules/mongoose/lib/schematype.js:1368:9

  ● ActivityLogger Service › getProjectActivities › should support pagination

    ValidationError: ActivityLog validation failed: action: `action_0` is not a valid enum value for path `action`.

      at model.Document.invalidate (node_modules/mongoose/lib/document.js:3219:32)
      at node_modules/mongoose/lib/document.js:3012:17
      at node_modules/mongoose/lib/schematype.js:1368:9

  ● ActivityLogger Service › getProjectActivities › should filter by user

    ValidationError: ActivityLog validation failed: action: `action_0` is not a valid enum value for path `action`.

      at model.Document.invalidate (node_modules/mongoose/lib/document.js:3219:32)
      at node_modules/mongoose/lib/document.js:3012:17
      at node_modules/mongoose/lib/schematype.js:1368:9

  ● ActivityLogger Service › getProjectActivities › should filter by date range

    ValidationError: ActivityLog validation failed: action: `action_0` is not a valid enum value for path `action`.

      at model.Document.invalidate (node_modules/mongoose/lib/document.js:3219:32)
      at node_modules/mongoose/lib/document.js:3012:17
      at node_modules/mongoose/lib/schematype.js:1368:9

  ● ActivityLogger Service › getUserActivities › should get activities for a user

    ValidationError: ActivityLog validation failed: action: `user_action_0` is not a valid enum value for path `action`.

      at model.Document.invalidate (node_modules/mongoose/lib/document.js:3219:32)
      at node_modules/mongoose/lib/document.js:3012:17
      at node_modules/mongoose/lib/schematype.js:1368:9

  ● ActivityLogger Service › getUserActivities › should filter by project

    ValidationError: ActivityLog validation failed: action: `user_action_0` is not a valid enum value for path `action`.

      at model.Document.invalidate (node_modules/mongoose/lib/document.js:3219:32)
      at node_modules/mongoose/lib/document.js:3012:17
      at node_modules/mongoose/lib/schematype.js:1368:9

  ● ActivityLogger Service › getRecentActivity › should get recent activity

    ValidationError: ActivityLog validation failed: action: `recent_action` is not a valid enum value for path `action`.

      at model.Document.invalidate (node_modules/mongoose/lib/document.js:3219:32)
      at node_modules/mongoose/lib/document.js:3012:17
      at node_modules/mongoose/lib/schematype.js:1368:9

FAIL src/tests/public.test.ts
  ● Public Routes › GET /api/public/user/:identifier › should get public user profile

    expected 200 "OK", got 404 "Not Found"

      199 |       const response = await request(app)
      200 |         .get('/api/public/user/profile-user')
    > 201 |         .expect(200);
          |          ^
      202 |
      203 |       expect(response.body).toHaveProperty('success', true);
      204 |       expect(response.body.user).toHaveProperty('username', 'profileuser');

      at Object.<anonymous> (src/tests/public.test.ts:201:10)
      ----
      at Test._assertStatus (node_modules/supertest/lib/test.js:309:14)
      at node_modules/supertest/lib/test.js:365:13
      at Test._assertFunction (node_modules/supertest/lib/test.js:342:13)
      at Test.assert (node_modules/supertest/lib/test.js:195:23)
      at localAssert (node_modules/supertest/lib/test.js:138:14)
      at Server.<anonymous> (node_modules/supertest/lib/test.js:152:11)

  ● Public Routes › GET /api/public/user/:identifier/projects › should get public projects for user

    expected 200 "OK", got 404 "Not Found"

      276 |       const response = await request(app)
      277 |         .get('/api/public/user/projects-user/projects')
    > 278 |         .expect(200);
          |          ^
      279 |
      280 |       expect(response.body).toHaveProperty('projects');
      281 |       expect(Array.isArray(response.body.projects)).toBe(true);

      at Object.<anonymous> (src/tests/public.test.ts:278:10)
      ----
      at Test._assertStatus (node_modules/supertest/lib/test.js:309:14)
      at node_modules/supertest/lib/test.js:365:13
      at Test._assertFunction (node_modules/supertest/lib/test.js:342:13)
      at Test.assert (node_modules/supertest/lib/test.js:195:23)
      at localAssert (node_modules/supertest/lib/test.js:138:14)
      at Server.<anonymous> (node_modules/supertest/lib/test.js:152:11)

FAIL src/tests/handlers/StackHandlers.test.ts
  ● StackHandlers › handleAddStack › should add stack item with minimal fields

    expect(received).toBe(expected) // Object.is equality

    Expected: "Express"
    Received: "Express.js"

      142 |
      143 |       expect(result.type).toBe(ResponseType.SUCCESS);
    > 144 |       expect(mockProject.stack[0].name).toBe('Express');
          |                                         ^
      145 |     });
      146 |   });
      147 |

      at Object.<anonymous> (src/tests/handlers/StackHandlers.test.ts:144:41)

  ● StackHandlers › handleViewStack › should filter by category

    expect(received).toHaveLength(expected)

    Expected length: 1
    Received length: 3
    Received array:  [{"category": "framework", "description": "", "name": "React", "version": "18.2.0"}, {"category": "api", "description": "", "name": "Express", "version": "4.18.0"}, {"category": "database", "description": "", "name": "MongoDB", "version": "6.0"}]

      192 |
      193 |       expect(result.type).toBe(ResponseType.DATA);
    > 194 |       expect(result.data.stack).toHaveLength(1);
          |                                 ^
      195 |       expect(result.data.stack[0].name).toBe('React');
      196 |     });
      197 |   });

      at Object.<anonymous> (src/tests/handlers/StackHandlers.test.ts:194:33)

  ● StackHandlers › handleRemoveStack › should remove stack item

    expect(received).toBe(expected) // Object.is equality

    Expected: "success"
    Received: "error"

      221 |       const result = await handler.handleRemoveStack(parsed, projectId);
      222 |
    > 223 |       expect(result.type).toBe(ResponseType.SUCCESS);
          |                           ^
      224 |       expect(mockProject.stack).toHaveLength(1);
      225 |       expect(mockProject.stack[0].id).toBe('2');
      226 |       expect(mockProject.save).toHaveBeenCalled();

      at Object.<anonymous> (src/tests/handlers/StackHandlers.test.ts:223:27)

FAIL src/tests/integration-project-lifecycle.test.ts
  ● Integration: Project Lifecycle › should handle full project CRUD workflow

    expect(received).toBe(expected) // Object.is equality

    Expected: 200
    Received: 403

      79 |       .set('Cookie', userCookie);
      80 |
    > 81 |     expect(deleteRes.status).toBe(200);
         |                              ^
      82 |   });
      83 | });
      84 |

      at Object.<anonymous> (src/tests/integration-project-lifecycle.test.ts:81:30)

FAIL src/tests/integration-billing.test.ts
  ● Integration: Billing & Subscription Limits › should allow more projects after upgrading plan

    expect(received).toBeTruthy()

    Received: null

      85 |     // Upgrade to pro
      86 |     const dbUser = await User.findOne({ email: user.email });
    > 87 |     expect(dbUser).toBeTruthy();
         |                    ^
      88 |     
      89 |     dbUser!.planTier = 'pro';
      90 |     dbUser!.projectLimit = 10;

      at Object.<anonymous> (src/tests/integration-billing.test.ts:87:20)

FAIL src/tests/integration-team-collaboration.test.ts
  ● Integration: Team Collaboration › should handle team invitation workflow

    TypeError: Invalid value "undefined" for header "Cookie"

      at Test.setHeader [as request] (node_modules/superagent/src/node/index.js:830:39)
      at Test.request [as end] (node_modules/superagent/src/node/index.js:965:8)
      at Test.end (node_modules/supertest/lib/test.js:136:11)
      at end (node_modules/superagent/src/request-base.js:283:12)
      at Test.RequestBase.then (node_modules/superagent/src/request-base.js:265:31)

FAIL src/tests/middleware-auth.test.ts
  ● Auth Middleware › requireAuth › should authenticate valid token

    expect(jest.fn()).toHaveBeenCalledWith(...expected)

    Expected: "valid-token", "test-secret"

    Number of calls: 0

      57 |       requireAuth(mockReq as AuthRequest, mockRes as Response, mockNext);
      58 |
    > 59 |       expect(jwt.verify).toHaveBeenCalledWith('valid-token', 'test-secret');
         |                          ^
      60 |       expect(mockReq.userId).toBe(mockUserId);
      61 |       expect(mockNext).toHaveBeenCalled();
      62 |     });

      at Object.<anonymous> (src/tests/middleware-auth.test.ts:59:26)

  ● Auth Middleware › requireAuth › should handle expired token

    expect(jest.fn()).toHaveBeenCalledWith(...expected)

    - Expected
    + Received

      Object {
    -   "message": "Token expired",
    +   "message": "Invalid token",
      },

    Number of calls: 1

       98 |
       99 |       expect(mockRes.status).toHaveBeenCalledWith(401);
    > 100 |       expect(mockRes.json).toHaveBeenCalledWith({ message: 'Token expired' });
          |                            ^
      101 |       expect(mockNext).not.toHaveBeenCalled();
      102 |     });
      103 |

      at Object.<anonymous> (src/tests/middleware-auth.test.ts:100:28)

  ● Auth Middleware › requireAuth › should handle missing JWT_SECRET

    expect(jest.fn()).toHaveBeenCalledWith(...expected)

    Expected: 500
    Received: 401

    Number of calls: 1

      108 |       requireAuth(mockReq as AuthRequest, mockRes as Response, mockNext);
      109 |
    > 110 |       expect(mockRes.status).toHaveBeenCalledWith(500);
          |                              ^
      111 |       expect(mockRes.json).toHaveBeenCalledWith({ message: 'Server configuration error' });
      112 |       expect(mockNext).not.toHaveBeenCalled();
      113 |     });

      at Object.<anonymous> (src/tests/middleware-auth.test.ts:110:30)

  ● Auth Middleware › requireProjectAccess › should grant access to project owner

    expect(received).toEqual(expected) // deep equality

    Expected: {"canEdit": true, "canManageTeam": true, "isOwner": true, "role": "owner"}
    Received: undefined

      149 |       await middleware(mockReq as AuthRequest, mockRes as Response, mockNext);
      150 |
    > 151 |       expect(mockReq.projectAccess).toEqual({
          |                                     ^
      152 |         isOwner: true,
      153 |         role: 'owner',
      154 |         canEdit: true,

      at Object.<anonymous> (src/tests/middleware-auth.test.ts:151:37)

  ● Auth Middleware › requireProjectAccess › should grant access to team member with editor role

    expect(received).toEqual(expected) // deep equality

    Expected: {"canEdit": true, "canManageTeam": false, "isOwner": false, "role": "editor"}
    Received: undefined

      177 |       await middleware(mockReq as AuthRequest, mockRes as Response, mockNext);
      178 |
    > 179 |       expect(mockReq.projectAccess).toEqual({
          |                                     ^
      180 |         isOwner: false,
      181 |         role: 'editor',
      182 |         canEdit: true,

      at Object.<anonymous> (src/tests/middleware-auth.test.ts:179:37)

  ● Auth Middleware › requireProjectAccess › should grant limited access to team member with viewer role

    expect(received).toEqual(expected) // deep equality

    Expected: {"canEdit": false, "canManageTeam": false, "isOwner": false, "role": "viewer"}
    Received: undefined

      205 |       await middleware(mockReq as AuthRequest, mockRes as Response, mockNext);
      206 |
    > 207 |       expect(mockReq.projectAccess).toEqual({
          |                                     ^
      208 |         isOwner: false,
      209 |         role: 'viewer',
      210 |         canEdit: false,

      at Object.<anonymous> (src/tests/middleware-auth.test.ts:207:37)

  ● Auth Middleware › requireProjectAccess › should deny access if project not found

    expect(jest.fn()).toHaveBeenCalledWith(...expected)

    Expected: 404

    Number of calls: 0

      220 |       await middleware(mockReq as AuthRequest, mockRes as Response, mockNext);
      221 |
    > 222 |       expect(mockRes.status).toHaveBeenCalledWith(404);
          |                              ^
      223 |       expect(mockRes.json).toHaveBeenCalledWith({ message: 'Project not found' });
      224 |       expect(mockNext).not.toHaveBeenCalled();
      225 |     });

      at Object.<anonymous> (src/tests/middleware-auth.test.ts:222:30)

  ● Auth Middleware › requireProjectAccess › should deny access if user has no permissions

    expect(jest.fn()).toHaveBeenCalledWith(...expected)

    Expected: 403

    Number of calls: 0

      237 |       await middleware(mockReq as AuthRequest, mockRes as Response, mockNext);
      238 |
    > 239 |       expect(mockRes.status).toHaveBeenCalledWith(403);
          |                              ^
      240 |       expect(mockRes.json).toHaveBeenCalledWith({ message: 'Access denied: Not a team member' });
      241 |       expect(mockNext).not.toHaveBeenCalled();
      242 |     });

      at Object.<anonymous> (src/tests/middleware-auth.test.ts:239:30)

  ● Auth Middleware › requireProjectAccess › should deny access for edit permission when user only has view access

    expect(jest.fn()).toHaveBeenCalledWith(...expected)

    Expected: 403

    Number of calls: 0

      260 |       await middleware(mockReq as AuthRequest, mockRes as Response, mockNext);
      261 |
    > 262 |       expect(mockRes.status).toHaveBeenCalledWith(403);
          |                              ^
      263 |       expect(mockRes.json).toHaveBeenCalledWith({ message: 'Access denied: Edit permission required' });
      264 |       expect(mockNext).not.toHaveBeenCalled();
      265 |     });

      at Object.<anonymous> (src/tests/middleware-auth.test.ts:262:30)

  ● Auth Middleware › requireProjectAccess › should handle database errors

    expect(jest.fn()).toHaveBeenCalledWith(...expected)

    Expected: 500

    Number of calls: 0

      271 |       await middleware(mockReq as AuthRequest, mockRes as Response, mockNext);
      272 |
    > 273 |       expect(mockRes.status).toHaveBeenCalledWith(500);
          |                              ^
      274 |       expect(mockRes.json).toHaveBeenCalledWith({ message: 'Server error checking project access' });
      275 |       expect(mockNext).not.toHaveBeenCalled();
      276 |     });

      at Object.<anonymous> (src/tests/middleware-auth.test.ts:273:30)

  ● Auth Middleware › requireProjectAccess › should require authentication first

    expect(jest.fn()).toHaveBeenCalledWith(...expected)

    - Expected
    + Received

      Object {
    -   "message": "Missing authentication or project ID",
    +   "message": "Not authenticated",
      },

    Number of calls: 1

      283 |
      284 |       expect(mockRes.status).toHaveBeenCalledWith(401);
    > 285 |       expect(mockRes.json).toHaveBeenCalledWith({ message: 'Missing authentication or project ID' });
          |                            ^
      286 |       expect(mockNext).not.toHaveBeenCalled();
      287 |     });
      288 |

      at Object.<anonymous> (src/tests/middleware-auth.test.ts:285:28)

  ● Auth Middleware › requireProjectAccess › should require project ID in params

    expect(jest.fn()).toHaveBeenCalledWith(...expected)

    Expected: 401

    Number of calls: 0

      293 |       await middleware(mockReq as AuthRequest, mockRes as Response, mockNext);
      294 |
    > 295 |       expect(mockRes.status).toHaveBeenCalledWith(401);
          |                              ^
      296 |       expect(mockRes.json).toHaveBeenCalledWith({ message: 'Missing authentication or project ID' });
      297 |       expect(mockNext).not.toHaveBeenCalled();
      298 |     });

      at Object.<anonymous> (src/tests/middleware-auth.test.ts:295:30)

  ● Auth Middleware › requireProjectAccess › should allow team management for owner role

    expect(received).toEqual(expected) // deep equality

    Expected: {"canEdit": true, "canManageTeam": true, "isOwner": false, "role": "owner"}
    Received: undefined

      316 |       await middleware(mockReq as AuthRequest, mockRes as Response, mockNext);
      317 |
    > 318 |       expect(mockReq.projectAccess).toEqual({
          |                                     ^
      319 |         isOwner: false,
      320 |         role: 'owner',
      321 |         canEdit: true,

      at Object.<anonymous> (src/tests/middleware-auth.test.ts:318:37)

FAIL src/tests/handlers/SettingsHandlers.test.ts
  ● SettingsHandlers › handleSetName › should validate empty name

    expect(received).toContain(expected) // indexOf

    Expected substring: "valid"
    Received string:    "Project name cannot be empty"

       96 |
       97 |       expect(result.type).toBe(ResponseType.ERROR);
    >  98 |       expect(result.message).toContain('valid');
          |                              ^
       99 |     });
      100 |   });
      101 |

      at Object.<anonymous> (src/tests/handlers/SettingsHandlers.test.ts:98:30)

  ● SettingsHandlers › handleSetPublic › should set project to public

    expect(received).toBe(expected) // Object.is equality

    Expected: "success"
    Received: "error"

      266 |       const result = await handler.handleSetPublic(parsed, projectId);
      267 |
    > 268 |       expect(result.type).toBe(ResponseType.SUCCESS);
          |                           ^
      269 |       expect(mockProject.isPublic).toBe(true);
      270 |       expect(mockProject.save).toHaveBeenCalled();
      271 |     });

      at Object.<anonymous> (src/tests/handlers/SettingsHandlers.test.ts:268:27)

  ● SettingsHandlers › handleSetPublic › should set project to private

    expect(received).toBe(expected) // Object.is equality

    Expected: "success"
    Received: "error"

      288 |       const result = await handler.handleSetPublic(parsed, projectId);
      289 |
    > 290 |       expect(result.type).toBe(ResponseType.SUCCESS);
          |                           ^
      291 |       expect(mockProject.isPublic).toBe(false);
      292 |       expect(mockProject.save).toHaveBeenCalled();
      293 |     });

      at Object.<anonymous> (src/tests/handlers/SettingsHandlers.test.ts:290:27)

FAIL src/tests/services/emailService.test.ts
  ● emailService › sendProjectInvitationEmail › should send invitation email with correct details

    expect(jest.fn()).toHaveBeenCalledWith(...expected)

    Expected: ObjectContaining {"subject": StringContaining "invitation", "to": "invitee@example.com"}
    Received: {"from": "\"Project Manager\" <test@example.com>", "html": "
        <!DOCTYPE html>
        <html>
        <head>
          <meta charset=\"utf-8\">
          <title>Project Invitation</title>
          <style>
            body {
              font-family: -apple-system, BlinkMacSystemFont, 'Segoe UI', Roboto, Oxygen, Ubuntu, Cantarell, sans-serif;
              line-height: 1.6;
              color: #333;
              max-width: 600px;
              margin: 0 auto;
              padding: 20px;
            }
            .header {
              text-align: center;
              padding: 30px 0;
              border-bottom: 2px solid #3B82F6;
            }
            .content {
              padding: 30px 0;
            }
            .cta-button {
              display: inline-block;
              background-color: #3B82F6;
              color: white;
              padding: 12px 30px;
              text-decoration: none;
              border-radius: 6px;
              font-weight: 600;
              margin: 20px 0;
            }
            .cta-button:hover {
              background-color: #2563EB;
            }
            .footer {
              margin-top: 40px;
              padding-top: 20px;
              border-top: 1px solid #e5e7eb;
              font-size: 14px;
              color: #6b7280;
            }
            .project-info {
              background-color: #f8fafc;
              padding: 20px;
              border-radius: 8px;
              margin: 20px 0;
            }
          </style>
        </head>
        <body>
          <div class=\"header\">
            <h1>�� Project Manager</h1>
            <h2>You're invited to collaborate!</h2>
          </div>·······
          <div class=\"content\">
            <p>Hi there!</p>·········
            <p><strong>John Doe</strong> has invited you to collaborate on their project as a <strong>editor</strong>.</p>·········
            <div class=\"project-info\">
              <h3>�� Project: Test Project</h3>
              <p><strong>Your role:</strong> Editor</p>
            </div>·········
            <p>Click the button below to accept the invitation and start collaborating:</p>·········
            <div style=\"text-align: center;\">
              <a href=\"http://localhost:5002/invitation/test-token-123\" class=\"cta-button\">Accept Invitation</a>
            </div>·········
            <p>Or copy and paste this link into your browser:</p>
            <p><a href=\"http://localhost:5002/invitation/test-token-123\">http://localhost:5002/invitation/test-token-123</a></p>·········
            <p>This invitation will expire in 7 days. If you don't have an account yet, you'll be able to create one during the acceptance process.</p>
          </div>·······
          <div class=\"footer\">
            <p>This invitation was sent by John Doe through Project Manager.</p>
            <p>If you weren't expecting this invitation, you can safely ignore this email.</p>
          </div>
        </body>
        </html>
      ", "subject": "You're invited to collaborate on \"Test Project\"", "text": "
    Project Manager - Collaboration Invitation·
    Hi there!·
    John Doe has invited you to collaborate on their project \"Test Project\" as a editor.·
    Accept your invitation by visiting this link:
    http://localhost:5002/invitation/test-token-123·
    This invitation will expire in 7 days. If you don't have an account yet, you'll be able to create one during the acceptance process.·
    If you weren't expecting this invitation, you can safely ignore this email.·
    ---
    Project Manager Team
      ", "to": "invitee@example.com"}

    Number of calls: 1

      37 |
      38 |       expect(nodemailer.createTransport).toHaveBeenCalled();
    > 39 |       expect(mockSendMail).toHaveBeenCalledWith(
         |                            ^
      40 |         expect.objectContaining({
      41 |           to: 'invitee@example.com',
      42 |           subject: expect.stringContaining('invitation')

      at Object.<anonymous> (src/tests/services/emailService.test.ts:39:28)

FAIL src/tests/services/cleanupService.test.ts
  ● Test suite failed to run

    [96msrc/tests/services/cleanupService.test.ts[0m:[93m43[0m:[93m27[0m - [91merror[0m[90m TS2540: [0mCannot assign to 'db' because it is a read-only property.

    [7m43[0m       mongoose.connection.db = {
    [7m  [0m [91m                          ~~[0m
    [96msrc/tests/services/cleanupService.test.ts[0m:[93m110[0m:[93m21[0m - [91merror[0m[90m TS2339: [0mProperty 'expired' does not exist on type '{ markedExpired: number; message: string; }'.

    [7m110[0m       expect(result.expired).toBe(10);
    [7m   [0m [91m                    ~~~~~~~[0m
    [96msrc/tests/services/cleanupService.test.ts[0m:[93m111[0m:[93m21[0m - [91merror[0m[90m TS2339: [0mProperty 'deleted' does not exist on type '{ markedExpired: number; message: string; }'.

    [7m111[0m       expect(result.deleted).toBe(5);
    [7m   [0m [91m                    ~~~~~~~[0m

FAIL src/tests/handlers/UtilityHandlers.test.ts
  ● Test suite failed to run

    [96msrc/tests/handlers/UtilityHandlers.test.ts[0m:[93m32[0m:[93m45[0m - [91merror[0m[90m TS2554: [0mExpected 1 arguments, but got 2.

    [7m32[0m     handler = new UtilityHandlers(mockUser, mockProject);
    [7m  [0m [91m                                            ~~~~~~~~~~~[0m
    [96msrc/tests/handlers/UtilityHandlers.test.ts[0m:[93m54[0m:[93m30[0m - [91merror[0m[90m TS2554: [0mExpected 1-2 arguments, but got 0.

    [7m54[0m       const result = handler.handleLLMContext();
    [7m  [0m [91m                             ~~~~~~~~~~~~~~~~[0m

      [96msrc/services/handlers/UtilityHandlers.ts[0m:[93m1768[0m:[93m26[0m
        [7m1768[0m   async handleLLMContext(parsed: ParsedCommand, currentProjectId?: string): Promise<CommandResponse> {
        [7m    [0m [96m                         ~~~~~~~~~~~~~~~~~~~~~[0m
        An argument for 'parsed' was not provided.
    [96msrc/tests/handlers/UtilityHandlers.test.ts[0m:[93m56[0m:[93m21[0m - [91merror[0m[90m TS2339: [0mProperty 'type' does not exist on type 'Promise<CommandResponse>'.

    [7m56[0m       expect(result.type).toBe('info');
    [7m  [0m [91m                    ~~~~[0m

      [96msrc/tests/handlers/UtilityHandlers.test.ts[0m:[93m56[0m:[93m21[0m
        [7m56[0m       expect(result.type).toBe('info');
        [7m  [0m [96m                    ~~~~[0m
        Did you forget to use 'await'?
    [96msrc/tests/handlers/UtilityHandlers.test.ts[0m:[93m57[0m:[93m21[0m - [91merror[0m[90m TS2339: [0mProperty 'data' does not exist on type 'Promise<CommandResponse>'.

    [7m57[0m       expect(result.data).toBeDefined();
    [7m  [0m [91m                    ~~~~[0m

      [96msrc/tests/handlers/UtilityHandlers.test.ts[0m:[93m57[0m:[93m21[0m
        [7m57[0m       expect(result.data).toBeDefined();
        [7m  [0m [96m                    ~~~~[0m
        Did you forget to use 'await'?

FAIL src/tests/stripe-webhooks.test.ts
  ● Test suite failed to run

    [96msrc/tests/stripe-webhooks.test.ts[0m:[93m324[0m:[93m23[0m - [91merror[0m[90m TS2304: [0mCannot find name 'express'.

    [7m324[0m       const testApp = express();
    [7m   [0m [91m                      ~~~~~~~[0m
    [96msrc/tests/stripe-webhooks.test.ts[0m:[93m325[0m:[93m19[0m - [91merror[0m[90m TS2304: [0mCannot find name 'express'.

    [7m325[0m       testApp.use(express.json());
    [7m   [0m [91m                  ~~~~~~~[0m

FAIL src/tests/invitations.test.ts
  ● Test suite failed to run

    [96msrc/tests/invitations.test.ts[0m:[93m35[0m:[93m38[0m - [91merror[0m[90m TS2339: [0mProperty 'randomBytes' does not exist on type 'Crypto'.

    [7m35[0m       const invitationToken = crypto.randomBytes(32).toString('hex');
    [7m  [0m [91m                                     ~~~~~~~~~~~[0m
    [96msrc/tests/invitations.test.ts[0m:[93m86[0m:[93m23[0m - [91merror[0m[90m TS2339: [0mProperty 'randomBytes' does not exist on type 'Crypto'.

    [7m86[0m         token: crypto.randomBytes(32).toString('hex'),
    [7m  [0m [91m                      ~~~~~~~~~~~[0m
    [96msrc/tests/invitations.test.ts[0m:[93m117[0m:[93m38[0m - [91merror[0m[90m TS2339: [0mProperty 'randomBytes' does not exist on type 'Crypto'.

    [7m117[0m       const invitationToken = crypto.randomBytes(32).toString('hex');
    [7m   [0m [91m                                     ~~~~~~~~~~~[0m
    [96msrc/tests/invitations.test.ts[0m:[93m138[0m:[93m32[0m - [91merror[0m[90m TS2552: [0mCannot find name 'TeamMember'. Did you mean 'teamMember'?

    [7m138[0m       const teamMember = await TeamMember.findOne({
    [7m   [0m [91m                               ~~~~~~~~~~[0m

      [96msrc/tests/invitations.test.ts[0m:[93m138[0m:[93m13[0m
        [7m138[0m       const teamMember = await TeamMember.findOne({
        [7m   [0m [96m            ~~~~~~~~~~[0m
        'teamMember' is declared here.
    [96msrc/tests/invitations.test.ts[0m:[93m163[0m:[93m38[0m - [91merror[0m[90m TS2339: [0mProperty 'randomBytes' does not exist on type 'Crypto'.

    [7m163[0m       const invitationToken = crypto.randomBytes(32).toString('hex');
    [7m   [0m [91m                                     ~~~~~~~~~~~[0m
    [96msrc/tests/invitations.test.ts[0m:[93m192[0m:[93m38[0m - [91merror[0m[90m TS2339: [0mProperty 'randomBytes' does not exist on type 'Crypto'.

    [7m192[0m       const invitationToken = crypto.randomBytes(32).toString('hex');
    [7m   [0m [91m                                     ~~~~~~~~~~~[0m
    [96msrc/tests/invitations.test.ts[0m:[93m220[0m:[93m13[0m - [91merror[0m[90m TS2304: [0mCannot find name 'TeamMember'.

    [7m220[0m       await TeamMember.create({
    [7m   [0m [91m            ~~~~~~~~~~[0m
    [96msrc/tests/invitations.test.ts[0m:[93m227[0m:[93m38[0m - [91merror[0m[90m TS2339: [0mProperty 'randomBytes' does not exist on type 'Crypto'.

    [7m227[0m       const invitationToken = crypto.randomBytes(32).toString('hex');
    [7m   [0m [91m                                     ~~~~~~~~~~~[0m
    [96msrc/tests/invitations.test.ts[0m:[93m264[0m:[93m38[0m - [91merror[0m[90m TS2339: [0mProperty 'randomBytes' does not exist on type 'Crypto'.

    [7m264[0m       const invitationToken = crypto.randomBytes(32).toString('hex');
    [7m   [0m [91m                                     ~~~~~~~~~~~[0m
    [96msrc/tests/invitations.test.ts[0m:[93m287[0m:[93m32[0m - [91merror[0m[90m TS2552: [0mCannot find name 'TeamMember'. Did you mean 'teamMember'?

    [7m287[0m       const teamMember = await TeamMember.findOne({
    [7m   [0m [91m                               ~~~~~~~~~~[0m

      [96msrc/tests/invitations.test.ts[0m:[93m287[0m:[93m13[0m
        [7m287[0m       const teamMember = await TeamMember.findOne({
        [7m   [0m [96m            ~~~~~~~~~~[0m
        'teamMember' is declared here.
    [96msrc/tests/invitations.test.ts[0m:[93m306[0m:[93m38[0m - [91merror[0m[90m TS2339: [0mProperty 'randomBytes' does not exist on type 'Crypto'.

    [7m306[0m       const invitationToken = crypto.randomBytes(32).toString('hex');
    [7m   [0m [91m                                     ~~~~~~~~~~~[0m
    [96msrc/tests/invitations.test.ts[0m:[93m343[0m:[93m38[0m - [91merror[0m[90m TS2339: [0mProperty 'randomBytes' does not exist on type 'Crypto'.

    [7m343[0m       const invitationToken = crypto.randomBytes(32).toString('hex');
    [7m   [0m [91m                                     ~~~~~~~~~~~[0m
    [96msrc/tests/invitations.test.ts[0m:[93m383[0m:[93m38[0m - [91merror[0m[90m TS2339: [0mProperty 'randomBytes' does not exist on type 'Crypto'.

    [7m383[0m       const invitationToken = crypto.randomBytes(32).toString('hex');
    [7m   [0m [91m                                     ~~~~~~~~~~~[0m


Test Suites: 16 failed, 30 passed, 46 total
Tests:       54 failed, 489 passed, 543 total
Snapshots:   0 total
Time:        129.171 s
Ran all test suites.
2025-11-11 15:37:34 [[32MINFO[39M]: Project cache cleared | {"service":"dev-codex-backend","environment":"test","entriesCleared":0,"pid":1362174}
2025-11-11 15:37:34 [[32MINFO[39M]: Project cache destroyed and resources cleaned up | {"service":"dev-codex-backend","environment":"test","pid":1362174}
Global test database stopped and resources cleaned up
